Microchip MPLAB XC8 Compiler V2.36

Linker command line:

-W-3 --edf=C:\Program Files\Microchip\xc8\v2.36\pic\dat\en_msgs.txt -cn \
  -h+dist/default/production\MP_lap_Codes.production.sym \
  --cmf=dist/default/production\MP_lap_Codes.production.cmf -z -Q18F4620 \
  -oC:\Users\2m\AppData\Local\Temp\xcAsko8.4 --defsym=__MPLAB_BUILD=1 \
  -Mdist/default/production/MP_lap_Codes.production.map \
  --md=C:\Users\2m\AppData\Local\Temp\xcAsko8.dat -E1 -ver=XC8 Compiler \
  --acfsm=1493 -ACODE=00h-0FFFFh -ACONST=00h-0FFFFh \
  -ASMALLCONST=01000h-010FFhx240 -AMEDIUMCONST=01000h-0FFFFh \
  -ACOMRAM=01h-07Fh -AABS1=00h-0F7Fh -ABIGRAM=01h-0F7Fh \
  -ARAM=080h-0FFh,0100h-01FFhx14,0F00h-0F7Fh -ABANK0=080h-0FFh \
  -ABANK1=0100h-01FFh -ABANK2=0200h-02FFh -ABANK3=0300h-03FFh \
  -ABANK4=0400h-04FFh -ABANK5=0500h-05FFh -ABANK6=0600h-06FFh \
  -ABANK7=0700h-07FFh -ABANK8=0800h-08FFh -ABANK9=0900h-09FFh \
  -ABANK10=0A00h-0AFFh -ABANK11=0B00h-0BFFh -ABANK12=0C00h-0CFFh \
  -ABANK13=0D00h-0DFFh -ABANK14=0E00h-0EFFh -ABANK15=0F00h-0F7Fh \
  -ASFR=0F80h-0FFFh -ABIGSFR=0F80h-0FFFh -ACONFIG=0300000h-030000Dh \
  -AIDLOC=0200000h-0200007h -AEEDATA=0F00000h-0F003FFh -peeprom_data=EEDATA \
  -preset_vec=00h,intcode,intcodelo,powerup,init -pramtop=01000h \
  -psmallconst=SMALLCONST -pmediumconst=MEDIUMCONST -pconst=CONST \
  -AFARRAM=00h-00h \
  -prdata=COMRAM,nvrram=COMRAM,nvbit=COMRAM,rbss=COMRAM,rbit=COMRAM \
  -pfarbss=FARRAM,fardata=FARRAM,nvFARRAM=FARRAM \
  -pintsave_regs=BIGRAM,bigbss=BIGRAM,bigdata=BIGRAM -pbss=RAM \
  -pidata=CODE,irdata=CODE,ibigdata=CODE,ifardata=CODE -prparam=COMRAM \
  C:\Users\2m\AppData\Local\Temp\xcAsko8.o \
  dist/default/production\MP_lap_Codes.production.o 

Object code version is 3.11

Machine type is 18F4620



                Name                               Link     Load   Length Selector   Space Scale
C:\Users\2m\AppData\Local\Temp\xcAsko8.o
                idloc                            200000   200000        8        0       5
                config                           300000   300000        E        0       4
                init                                  0        0        4        0       0
dist/default/production\MP_lap_Codes.production.o
                idloc                            200000   200000        8        0       5
                config                           300000   300000        E        0       4
                smallconst                         1000     1000       AA      800       0
                text51                             2890     2890      144      855       0
                text50                             2B04     2B04      12C      855       0
                text49                             3B6A     3B6A       6C      855       0
                text48                             37B6     37B6       80      855       0
                text47                             3F14     3F14       3C      855       0
                text46                             3C40     3C40       68      855       0
                text45                             3A8C     3A8C       72      855       0
                text44                             2C30     2C30      128      855       0
                text43                             38B4     38B4       7A      855       0
                text42                             3FF4     3FF4       26      855       0
                text41                             4036     4036        6      855       0
                text40                             25B6     25B6      176      855       0
                text39                             242E     242E      188      855       0
                text38                             272C     272C      164      855       0
                text37                             3ED4     3ED4       40      855       0
                text36                             403C     403C        2      855       0
                text35                             3234     3234       CA      855       0
                text34                             3E90     3E90       44      855       0
                text33                             3FBE     3FBE       36      855       0
                text32                             32FE     32FE       C6      855       0
                text31                             1BC8     1BC8      2E4      855       0
                text30                             307A     307A       EA      855       0
                text29                             2F8A     2F8A       F0      855       0
                text28                             3164     3164       D0      855       0
                text27                             1EAC     1EAC      204      855       0
                text26                             14F4     14F4      3EA      855       0
                text25                             3CA8     3CA8       64      855       0
                text24                             3D6E     3D6E       52      855       0
                text23                             3D0C     3D0C       62      855       0
                text22                             347C     347C       AA      855       0
                text21                             2E7A     2E7A      110      855       0
                text20                             227A     227A      1B4      855       0
                text19                             3672     3672       A4      855       0
                text18                             3BD6     3BD6       6A      855       0
                text17                             29D4     29D4      130      855       0
                text16                             401A     401A       16      855       0
                text15                             3E06     3E06       46      855       0
                text14                             3E4C     3E4C       44      855       0
                text13                             20B0     20B0      1CA      855       0
                text12                             3F50     3F50       38      855       0
                text11                             35CE     35CE       A4      855       0
                text10                             3836     3836       7E      855       0
                text9                              18DE     18DE      2EA      855       0
                text8                              33C4     33C4       B8      855       0
                text7                              2D58     2D58      122      855       0
                text6                              3A1A     3A1A       72      855       0
                text5                              3526     3526       A8      855       0
                text4                              3DC0     3DC0       46      855       0
                text3                              3716     3716       A0      855       0
                text2                              39A4     39A4       76      855       0
                text1                              392E     392E       76      855       0
                text0                              10AA     10AA      44A      855       0
                cstackCOMRAM                          1        1       7E        1       1
                cstackBANK0                          80       80       64       80       1
                bssBANK2                            200      200       64      200       1
                dataBANK1                           1A1      1A1       36      100       1
                bssBANK1                            100      100       A1      100       1
                dataBANK0                            FA       FA        6       80       1
                bssBANK0                             E4       E4       16       80       1
                bssCOMRAM                            7F       7F        1        1       1
                cinit                              3AFE     3AFE       6C      855       0
                idataBANK1                         3F88     3F88       36      855       0
                idataBANK0                         4030     4030        6      855       0

TOTAL           Name                               Link     Load   Length     Space
        CLASS   CODE           
                init                                  0        0        4         0
                text51                             2890     2890      144         0
                text50                             2B04     2B04      12C         0
                text49                             3B6A     3B6A       6C         0
                text48                             37B6     37B6       80         0
                text47                             3F14     3F14       3C         0
                text46                             3C40     3C40       68         0
                text45                             3A8C     3A8C       72         0
                text44                             2C30     2C30      128         0
                text43                             38B4     38B4       7A         0
                text42                             3FF4     3FF4       26         0
                text41                             4036     4036        6         0
                text40                             25B6     25B6      176         0
                text39                             242E     242E      188         0
                text38                             272C     272C      164         0
                text37                             3ED4     3ED4       40         0
                text36                             403C     403C        2         0
                text35                             3234     3234       CA         0
                text34                             3E90     3E90       44         0
                text33                             3FBE     3FBE       36         0
                text32                             32FE     32FE       C6         0
                text31                             1BC8     1BC8      2E4         0
                text30                             307A     307A       EA         0
                text29                             2F8A     2F8A       F0         0
                text28                             3164     3164       D0         0
                text27                             1EAC     1EAC      204         0
                text26                             14F4     14F4      3EA         0
                text25                             3CA8     3CA8       64         0
                text24                             3D6E     3D6E       52         0
                text23                             3D0C     3D0C       62         0
                text22                             347C     347C       AA         0
                text21                             2E7A     2E7A      110         0
                text20                             227A     227A      1B4         0
                text19                             3672     3672       A4         0
                text18                             3BD6     3BD6       6A         0
                text17                             29D4     29D4      130         0
                text16                             401A     401A       16         0
                text15                             3E06     3E06       46         0
                text14                             3E4C     3E4C       44         0
                text13                             20B0     20B0      1CA         0
                text12                             3F50     3F50       38         0
                text11                             35CE     35CE       A4         0
                text10                             3836     3836       7E         0
                text9                              18DE     18DE      2EA         0
                text8                              33C4     33C4       B8         0
                text7                              2D58     2D58      122         0
                text6                              3A1A     3A1A       72         0
                text5                              3526     3526       A8         0
                text4                              3DC0     3DC0       46         0
                text3                              3716     3716       A0         0
                text2                              39A4     39A4       76         0
                text1                              392E     392E       76         0
                text0                              10AA     10AA      44A         0
                cinit                              3AFE     3AFE       6C         0
                idataBANK1                         3F88     3F88       36         0
                idataBANK0                         4030     4030        6         0

        CLASS   CONST          

        CLASS   SMALLCONST     
                smallconst                         1000     1000       AA         0

        CLASS   MEDIUMCONST    

        CLASS   COMRAM         
                cstackCOMRAM                          1        1       7E         1
                bssCOMRAM                            7F       7F        1         1

        CLASS   ABS1           

        CLASS   BIGRAM         

        CLASS   RAM            

        CLASS   BANK0          
                cstackBANK0                          80       80       64         1
                dataBANK0                            FA       FA        6         1
                bssBANK0                             E4       E4       16         1

        CLASS   BANK1          
                dataBANK1                           1A1      1A1       36         1
                bssBANK1                            100      100       A1         1

        CLASS   BANK2          
                bssBANK2                            200      200       64         1

        CLASS   BANK3          

        CLASS   BANK4          

        CLASS   BANK5          

        CLASS   BANK6          

        CLASS   BANK7          

        CLASS   BANK8          

        CLASS   BANK9          

        CLASS   BANK10         

        CLASS   BANK11         

        CLASS   BANK12         

        CLASS   BANK13         

        CLASS   BANK14         

        CLASS   BANK15         

        CLASS   SFR            

        CLASS   BIGSFR         

        CLASS   CONFIG         
                config                           300000   300000        E         4

        CLASS   IDLOC          
                idloc                            200000   200000        8         5

        CLASS   EEDATA         

        CLASS   FARRAM         

        CLASS   HEAP           

        CLASS   STACK          



SEGMENTS        Name                           Load    Length   Top    Selector   Space  Class

                reset_vec                      000000  000004  000004         0       0  CODE    
                cstackCOMRAM                   000001  00007F  000080         1       1  COMRAM  
                cstackBANK0                    000080  000080  000100        80       1  BANK0   
                bssBANK1                       000100  0000D7  0001D7       100       1  BANK1   
                bssBANK2                       000200  000064  000264       200       1  BANK2   
                smallconst                     001000  0000AA  0010AA       800       0  SMALLCON
                text0                          0010AA  002F94  00403E       855       0  CODE    


UNUSED ADDRESS RANGES

        Name                Unused          Largest block    Delta
        BANK1            0001D7-0001FF               29
        BANK10           000A00-000AFF              100
        BANK11           000B00-000BFF              100
        BANK12           000C00-000CFF              100
        BANK13           000D00-000DFF              100
        BANK14           000E00-000EFF              100
        BANK15           000F00-000F7F               80
        BANK2            000264-0002FF               9C
        BANK3            000300-0003FF              100
        BANK4            000400-0004FF              100
        BANK5            000500-0005FF              100
        BANK6            000600-0006FF              100
        BANK7            000700-0007FF              100
        BANK8            000800-0008FF              100
        BANK9            000900-0009FF              100
        BIGRAM           0001D7-0001FF               29
                         000264-000F7F              D1C
        BIGSFR           000F80-000FFF               80
        CODE             000004-000FFF              FFC
                         00403E-00FFFF             BFC2
        CONST            000004-000FFF              FFC
                         00403E-00FFFF             BFC2
        EEDATA           F00000-F003FF              400
        MEDIUMCONST      00403E-00FFFF             BFC2
        RAM              0001D7-0001FF               29
                         000264-000F7F              100
        SFR              000F80-000FFF               80
        SMALLCONST       00403E-00FFFF              100

                                  Symbol Table

?_Is_digit                               cstackCOMRAM 00000F
?___aodiv                                cstackCOMRAM 000001
?___aomod                                cstackCOMRAM 000001
?___lldiv                                cstackCOMRAM 000001
?___lmul                                 cstackCOMRAM 000001
?___lodiv                                cstackCOMRAM 000001
?___lomod                                cstackCOMRAM 000001
?___xxtofl                               cstackCOMRAM 000001
?_abs                                    cstackCOMRAM 000013
?_check_digit                            cstackCOMRAM 000001
?_doMath                                 cstackCOMRAM 00000E
?_dtoa                                   cstackCOMRAM 00001C
?_evaluate_Postfix                       cstackCOMRAM 00001A
?_operator_type                          cstackCOMRAM 000001
?_pad                                    cstackCOMRAM 000011
?_pop_t                                  cstackCOMRAM 000001
?_precedence                             cstackCOMRAM 000001
?_sprintf                                cstackCOMRAM 00006C
?_strlen                                 cstackCOMRAM 000001
?_strncmp                                cstackCOMRAM 000001
?_utoa                                   cstackCOMRAM 00001C
?_vfpfcnvrt                              cstackCOMRAM 000040
?_vfprintf                               cstackCOMRAM 000064
Is_digit@op                              cstackCOMRAM 00000F
_BAUDCONbits                             (abs)        000FB8
_INT0_InterruptHandler                   bssBANK1     000124
_INT1_InterruptHandler                   bssBANK1     000122
_INT2_InterruptHandler                   bssBANK1     000120
_Is_digit                                text21       002E7A
_LATA                                    (abs)        000F89
_LATB                                    (abs)        000F8A
_LATC                                    (abs)        000F8B
_LATD                                    (abs)        000F8C
_LATE                                    (abs)        000F8D
_PIE1bits                                (abs)        000F9D
_PIR1bits                                (abs)        000F9E
_PORTA                                   (abs)        000F80
_PORTB                                   (abs)        000F81
_PORTC                                   (abs)        000F82
_PORTD                                   (abs)        000F83
_PORTE                                   (abs)        000F84
_RB4_Flag                                dataBANK0    0000FF
_RB5_Flag                                dataBANK0    0000FE
_RB6_Flag                                dataBANK0    0000FD
_RB7_Flag                                dataBANK0    0000FC
_RCREG                                   (abs)        000FAE
_RCSTAbits                               (abs)        000FAB
_SPBRG                                   (abs)        000FAF
_SPBRGH                                  (abs)        000FB0
_SSPADD                                  (abs)        000FC8
_SSPBUF                                  (abs)        000FC9
_SSPCON1bits                             (abs)        000FC6
_SSPCON2bits                             (abs)        000FC5
_SSPSTATbits                             (abs)        000FC7
_T0CONbits                               (abs)        000FD5
_TRISA                                   (abs)        000F92
_TRISB                                   (abs)        000F93
_TRISC                                   (abs)        000F94
_TRISCbits                               (abs)        000F94
_TRISD                                   (abs)        000F95
_TRISE                                   (abs)        000F96
_TXREG                                   (abs)        000FAD
_TXSTAbits                               (abs)        000FAC
__HRAM                                   (abs)        000000
__Habs1                                  abs1         000000
__Hbank0                                 bank0        000000
__Hbank1                                 bank1        000000
__Hbank10                                bank10       000000
__Hbank11                                bank11       000000
__Hbank12                                bank12       000000
__Hbank13                                bank13       000000
__Hbank14                                bank14       000000
__Hbank15                                bank15       000000
__Hbank2                                 bank2        000000
__Hbank3                                 bank3        000000
__Hbank4                                 bank4        000000
__Hbank5                                 bank5        000000
__Hbank6                                 bank6        000000
__Hbank7                                 bank7        000000
__Hbank8                                 bank8        000000
__Hbank9                                 bank9        000000
__Hbigbss                                bigbss       000000
__Hbigdata                               bigdata      000000
__Hbigram                                bigram       000000
__Hbigsfr                                bigsfr       000000
__Hbss                                   bss          000000
__HbssBANK0                              bssBANK0     000000
__HbssBANK1                              bssBANK1     000000
__HbssBANK2                              bssBANK2     000000
__HbssCOMRAM                             bssCOMRAM    000000
__Hcinit                                 cinit        000000
__Hclrtext                               clrtext      000000
__Hcomram                                comram       000000
__Hconfig                                config       30000E
__Hconst                                 const        000000
__HcstackBANK0                           cstackBANK0  000000
__HcstackCOMRAM                          cstackCOMRAM 000000
__Hdata                                  data         000000
__HdataBANK0                             dataBANK0    000000
__HdataBANK1                             dataBANK1    000000
__Heeprom_data                           eeprom_data  000000
__Hfarbss                                farbss       000000
__Hfardata                               fardata      000000
__Hheap                                  heap         000000
__Hibigdata                              ibigdata     000000
__Hidata                                 idata        000000
__HidataBANK0                            idataBANK0   000000
__HidataBANK1                            idataBANK1   000000
__Hidloc                                 idloc        200008
__Hifardata                              ifardata     000000
__Hinit                                  init         000004
__Hintcode                               intcode      000000
__Hintcode_body                          intcode_body 000000
__Hintcodelo                             intcodelo    000000
__Hintentry                              intentry     000000
__Hintret                                intret       000000
__Hintsave_regs                          intsave_regs 000000
__Hirdata                                irdata       000000
__Hmediumconst                           mediumconst  000000
__HnvFARRAM                              nvFARRAM     000000
__Hnvbit                                 nvbit        000000
__Hnvrram                                nvrram       000000
__Hparam                                 rparam       000000
__Hpowerup                               powerup      000000
__Hram                                   ram          000000
__Hramtop                                ramtop       001000
__Hrbit                                  rbit         000000
__Hrbss                                  rbss         000000
__Hrdata                                 rdata        000000
__Hreset_vec                             reset_vec    000000
__Hrparam                                rparam       000000
__Hsfr                                   sfr          000000
__Hsmallconst                            smallconst   0010AA
__Hspace_0                               (abs)        00403E
__Hspace_1                               (abs)        000264
__Hspace_2                               (abs)        000000
__Hspace_4                               (abs)        60000E
__Hstack                                 stack        000000
__Hstruct                                struct       000000
__Htemp                                  temp         000000
__Htext                                  text         000000
__Htext0                                 text0        000000
__Htext1                                 text1        000000
__Htext10                                text10       000000
__Htext11                                text11       000000
__Htext12                                text12       000000
__Htext13                                text13       000000
__Htext14                                text14       000000
__Htext15                                text15       000000
__Htext16                                text16       000000
__Htext17                                text17       000000
__Htext18                                text18       000000
__Htext19                                text19       000000
__Htext2                                 text2        000000
__Htext20                                text20       000000
__Htext21                                text21       000000
__Htext22                                text22       000000
__Htext23                                text23       000000
__Htext24                                text24       000000
__Htext25                                text25       000000
__Htext26                                text26       000000
__Htext27                                text27       000000
__Htext28                                text28       000000
__Htext29                                text29       000000
__Htext3                                 text3        000000
__Htext30                                text30       000000
__Htext31                                text31       000000
__Htext32                                text32       000000
__Htext33                                text33       000000
__Htext34                                text34       000000
__Htext35                                text35       000000
__Htext36                                text36       000000
__Htext37                                text37       000000
__Htext38                                text38       000000
__Htext39                                text39       000000
__Htext4                                 text4        000000
__Htext40                                text40       000000
__Htext41                                text41       000000
__Htext42                                text42       000000
__Htext43                                text43       000000
__Htext44                                text44       000000
__Htext45                                text45       000000
__Htext46                                text46       000000
__Htext47                                text47       000000
__Htext48                                text48       000000
__Htext49                                text49       000000
__Htext5                                 text5        000000
__Htext50                                text50       000000
__Htext51                                text51       000000
__Htext6                                 text6        000000
__Htext7                                 text7        000000
__Htext8                                 text8        000000
__Htext9                                 text9        000000
__LRAM                                   (abs)        000001
__Labs1                                  abs1         000000
__Lbank0                                 bank0        000000
__Lbank1                                 bank1        000000
__Lbank10                                bank10       000000
__Lbank11                                bank11       000000
__Lbank12                                bank12       000000
__Lbank13                                bank13       000000
__Lbank14                                bank14       000000
__Lbank15                                bank15       000000
__Lbank2                                 bank2        000000
__Lbank3                                 bank3        000000
__Lbank4                                 bank4        000000
__Lbank5                                 bank5        000000
__Lbank6                                 bank6        000000
__Lbank7                                 bank7        000000
__Lbank8                                 bank8        000000
__Lbank9                                 bank9        000000
__Lbigbss                                bigbss       000000
__Lbigdata                               bigdata      000000
__Lbigram                                bigram       000000
__Lbigsfr                                bigsfr       000000
__Lbss                                   bss          000000
__LbssBANK0                              bssBANK0     000000
__LbssBANK1                              bssBANK1     000000
__LbssBANK2                              bssBANK2     000000
__LbssCOMRAM                             bssCOMRAM    000000
__Lcinit                                 cinit        000000
__Lclrtext                               clrtext      000000
__Lcomram                                comram       000000
__Lconfig                                config       000000
__Lconst                                 const        000000
__LcstackBANK0                           cstackBANK0  000000
__LcstackCOMRAM                          cstackCOMRAM 000000
__Ldata                                  data         000000
__LdataBANK0                             dataBANK0    000000
__LdataBANK1                             dataBANK1    000000
__Leeprom_data                           eeprom_data  000000
__Lfarbss                                farbss       000000
__Lfardata                               fardata      000000
__Lheap                                  heap         000000
__Libigdata                              ibigdata     000000
__Lidata                                 idata        000000
__LidataBANK0                            idataBANK0   000000
__LidataBANK1                            idataBANK1   000000
__Lidloc                                 idloc        000000
__Lifardata                              ifardata     000000
__Linit                                  init         000000
__Lintcode                               intcode      000000
__Lintcode_body                          intcode_body 000000
__Lintcodelo                             intcodelo    000000
__Lintentry                              intentry     000000
__Lintret                                intret       000000
__Lintsave_regs                          intsave_regs 000000
__Lirdata                                irdata       000000
__Lmediumconst                           mediumconst  000000
__LnvFARRAM                              nvFARRAM     000000
__Lnvbit                                 nvbit        000000
__Lnvrram                                nvrram       000000
__Lparam                                 rparam       000000
__Lpowerup                               powerup      000000
__Lram                                   ram          000000
__Lramtop                                ramtop       001000
__Lrbit                                  rbit         000000
__Lrbss                                  rbss         000000
__Lrdata                                 rdata        000000
__Lreset_vec                             reset_vec    000000
__Lrparam                                rparam       000000
__Lsfr                                   sfr          000000
__Lsmallconst                            smallconst   001000
__Lspace_0                               (abs)        000000
__Lspace_1                               (abs)        000000
__Lspace_2                               (abs)        000000
__Lspace_4                               (abs)        000000
__Lstack                                 stack        000000
__Lstruct                                struct       000000
__Ltemp                                  temp         000000
__Ltext                                  text         000000
__Ltext0                                 text0        000000
__Ltext1                                 text1        000000
__Ltext10                                text10       000000
__Ltext11                                text11       000000
__Ltext12                                text12       000000
__Ltext13                                text13       000000
__Ltext14                                text14       000000
__Ltext15                                text15       000000
__Ltext16                                text16       000000
__Ltext17                                text17       000000
__Ltext18                                text18       000000
__Ltext19                                text19       000000
__Ltext2                                 text2        000000
__Ltext20                                text20       000000
__Ltext21                                text21       000000
__Ltext22                                text22       000000
__Ltext23                                text23       000000
__Ltext24                                text24       000000
__Ltext25                                text25       000000
__Ltext26                                text26       000000
__Ltext27                                text27       000000
__Ltext28                                text28       000000
__Ltext29                                text29       000000
__Ltext3                                 text3        000000
__Ltext30                                text30       000000
__Ltext31                                text31       000000
__Ltext32                                text32       000000
__Ltext33                                text33       000000
__Ltext34                                text34       000000
__Ltext35                                text35       000000
__Ltext36                                text36       000000
__Ltext37                                text37       000000
__Ltext38                                text38       000000
__Ltext39                                text39       000000
__Ltext4                                 text4        000000
__Ltext40                                text40       000000
__Ltext41                                text41       000000
__Ltext42                                text42       000000
__Ltext43                                text43       000000
__Ltext44                                text44       000000
__Ltext45                                text45       000000
__Ltext46                                text46       000000
__Ltext47                                text47       000000
__Ltext48                                text48       000000
__Ltext49                                text49       000000
__Ltext5                                 text5        000000
__Ltext50                                text50       000000
__Ltext51                                text51       000000
__Ltext6                                 text6        000000
__Ltext7                                 text7        000000
__Ltext8                                 text8        000000
__Ltext9                                 text9        000000
__S0                                     (abs)        00403E
__S1                                     (abs)        000264
__S4                                     (abs)        000000
__S5                                     (abs)        000000
___aodiv                                 text39       00242E
___aodiv@counter                         cstackCOMRAM 000011
___aodiv@dividend                        cstackCOMRAM 000001
___aodiv@divisor                         cstackCOMRAM 000009
___aodiv@quotient                        cstackCOMRAM 000013
___aodiv@sign                            cstackCOMRAM 000012
___aomod                                 text38       00272C
___aomod@counter                         cstackCOMRAM 000011
___aomod@dividend                        cstackCOMRAM 000001
___aomod@divisor                         cstackCOMRAM 000009
___aomod@sign                            cstackCOMRAM 000012
___fleq                                  text22       00347C
___fleq@ff1                              cstackCOMRAM 000001
___fleq@ff2                              cstackCOMRAM 000005
___heap_hi                               (abs)        000000
___heap_lo                               (abs)        000000
___inthi_sp                              stack        000000
___intlo_sp                              stack        000000
___lldiv                                 text19       003672
___lldiv@counter                         cstackCOMRAM 00000D
___lldiv@dividend                        cstackCOMRAM 000001
___lldiv@divisor                         cstackCOMRAM 000005
___lldiv@quotient                        cstackCOMRAM 000009
___lmul                                  text18       003BD6
___lmul@multiplicand                     cstackCOMRAM 000005
___lmul@multiplier                       cstackCOMRAM 000001
___lmul@product                          cstackCOMRAM 000009
___lodiv                                 text29       002F8A
___lodiv@counter                         cstackCOMRAM 000019
___lodiv@dividend                        cstackCOMRAM 000001
___lodiv@divisor                         cstackCOMRAM 000009
___lodiv@quotient                        cstackCOMRAM 000011
___lomod                                 text28       003164
___lomod@counter                         cstackCOMRAM 000011
___lomod@dividend                        cstackCOMRAM 000001
___lomod@divisor                         cstackCOMRAM 000009
___param_bank                            (abs)        000000
___rparam_used                           (abs)        000001
___sp                                    stack        000000
___xxtofl                                text20       00227A
___xxtofl@arg                            cstackCOMRAM 00000B
___xxtofl@exp                            cstackCOMRAM 00000A
___xxtofl@sign                           cstackCOMRAM 000009
___xxtofl@val                            cstackCOMRAM 000001
__accesstop                              (abs)        000080
__activetblptr                           (abs)        000003
__end_of_Is_digit                        text21       002F8A
__end_of_L1                              smallconst   001075
__end_of_L2                              smallconst   001071
__end_of_L3                              smallconst   00106D
__end_of_L4                              smallconst   001069
__end_of_L5                              smallconst   001065
__end_of_L6                              smallconst   001061
__end_of_P1                              smallconst   00105D
__end_of_P2                              smallconst   001059
__end_of_P3                              smallconst   001055
__end_of_P4                              smallconst   001051
__end_of_P5                              smallconst   00104D
__end_of___aodiv                         text39       0025B6
__end_of___aomod                         text38       002890
__end_of___fleq                          text22       003526
__end_of___lldiv                         text19       003716
__end_of___lmul                          text18       003C40
__end_of___lodiv                         text29       00307A
__end_of___lomod                         text28       003234
__end_of___xxtofl                        text20       00242E
__end_of__initialization                 cinit        003B64
__end_of_abs                             text37       003F14
__end_of_application_intialize           text41       00403C
__end_of_bp                              smallconst   001089
__end_of_btn_values                      smallconst   001019
__end_of_check_digit                     text12       003F88
__end_of_convert_uint32_to_string        text23       003D6E
__end_of_cp                              smallconst   001039
__end_of_cp_h                            smallconst   001095
__end_of_cp_l                            smallconst   001091
__end_of_doMath                          text17       002B04
__end_of_dp_h                            smallconst   001029
__end_of_dp_l                            smallconst   001021
__end_of_dtoa                            text31       001EAC
__end_of_ecu_layer_intialize             text42       00401A
__end_of_evaluate_Postfix                text13       00227A
__end_of_fputc                           text35       0032FE
__end_of_fputs                           text34       003ED4
__end_of_gpio_pin_direction_intialize    text51       0029D4
__end_of_gpio_pin_intialize              text49       003BD6
__end_of_gpio_pin_read_logic             text8        00347C
__end_of_gpio_pin_write_logic            text50       002C30
__end_of_huge                            smallconst   00107D
__end_of_infixToPostfix                  text9        001BC8
__end_of_initialize_t                    text16       004030
__end_of_ivln2                           smallconst   001035
__end_of_ivln2_h                         smallconst   00108D
__end_of_ivln2_l                         smallconst   001031
__end_of_keypad_get_value                text7        002E7A
__end_of_keypad_initialize               text48       003836
__end_of_lcd_4bit_intialize              text44       002D58
__end_of_lcd_4bit_send_char_data         text6        003A8C
__end_of_lcd_4bit_send_char_data_pos     text4        003E06
__end_of_lcd_4bit_send_command           text45       003AFE
__end_of_lcd_4bit_send_string_pos        text3        0037B6
__end_of_lcd_4bits_send_enable_signal    text47       003F50
__end_of_lcd_4bits_set_cursor            text5        0035CE
__end_of_lcd_send_4bits                  text46       003CA8
__end_of_led_initialize                  text43       00392E
__end_of_led_turn_off                    text2        003A1A
__end_of_led_turn_on                     text1        0039A4
__end_of_lg2                             smallconst   001049
__end_of_lg2_h                           smallconst   001045
__end_of_lg2_l                           smallconst   001041
__end_of_main                            text0        0014F4
__end_of_memset                          text40       00272C
__end_of_operator_type                   text11       003672
__end_of_ovt                             smallconst   00103D
__end_of_pad                             text32       0033C4
__end_of_pop_t                           text15       003E4C
__end_of_precedence                      text10       0038B4
__end_of_push_t                          text14       003E90
__end_of_putch                           text36       00403E
__end_of_sprintf                         text24       003DC0
__end_of_strlen                          text33       003FF4
__end_of_strncmp                         text30       003164
__end_of_tiny                            smallconst   001079
__end_of_tiny@sqrtf$F2689                smallconst   00102D
__end_of_two24                           smallconst   001081
__end_of_utoa                            text27       0020B0
__end_of_vfpfcnvrt                       text26       0018DE
__end_of_vfprintf                        text25       003D0C
__initialization                         cinit        003AFE
__mediumconst                            mediumconst  000000
__pbssBANK0                              bssBANK0     0000E4
__pbssBANK1                              bssBANK1     000100
__pbssBANK2                              bssBANK2     000200
__pbssCOMRAM                             bssCOMRAM    00007F
__pcinit                                 cinit        003AFE
__pcstackBANK0                           cstackBANK0  000080
__pcstackCOMRAM                          cstackCOMRAM 000001
__pdataBANK0                             dataBANK0    0000FA
__pdataBANK1                             dataBANK1    0001A1
__pidataBANK0                            idataBANK0   004030
__pidataBANK1                            idataBANK1   003F88
__psmallconst                            smallconst   001000
__ptext0                                 text0        0010AA
__ptext1                                 text1        00392E
__ptext10                                text10       003836
__ptext11                                text11       0035CE
__ptext12                                text12       003F50
__ptext13                                text13       0020B0
__ptext14                                text14       003E4C
__ptext15                                text15       003E06
__ptext16                                text16       00401A
__ptext17                                text17       0029D4
__ptext18                                text18       003BD6
__ptext19                                text19       003672
__ptext2                                 text2        0039A4
__ptext20                                text20       00227A
__ptext21                                text21       002E7A
__ptext22                                text22       00347C
__ptext23                                text23       003D0C
__ptext24                                text24       003D6E
__ptext25                                text25       003CA8
__ptext26                                text26       0014F4
__ptext27                                text27       001EAC
__ptext28                                text28       003164
__ptext29                                text29       002F8A
__ptext3                                 text3        003716
__ptext30                                text30       00307A
__ptext31                                text31       001BC8
__ptext32                                text32       0032FE
__ptext33                                text33       003FBE
__ptext34                                text34       003E90
__ptext35                                text35       003234
__ptext36                                text36       00403C
__ptext37                                text37       003ED4
__ptext38                                text38       00272C
__ptext39                                text39       00242E
__ptext4                                 text4        003DC0
__ptext40                                text40       0025B6
__ptext41                                text41       004036
__ptext42                                text42       003FF4
__ptext43                                text43       0038B4
__ptext44                                text44       002C30
__ptext45                                text45       003A8C
__ptext46                                text46       003C40
__ptext47                                text47       003F14
__ptext48                                text48       0037B6
__ptext49                                text49       003B6A
__ptext5                                 text5        003526
__ptext50                                text50       002B04
__ptext51                                text51       002890
__ptext6                                 text6        003A1A
__ptext7                                 text7        002D58
__ptext8                                 text8        0033C4
__ptext9                                 text9        0018DE
__ramtop                                 ramtop       001000
__smallconst                             smallconst   001000
_abs                                     text37       003ED4
_application_intialize                   text41       004036
_arr                                     bssBANK1     000196
_btn_values                              smallconst   001001
_check_digit                             text12       003F50
_convert_uint32_to_string                text23       003D0C
_counter                                 bssBANK0     0000EF
_dbuf                                    bssBANK1     000176
_doMath                                  text17       0029D4
_dtoa                                    text31       001BC8
_dtoa$2498                               cstackCOMRAM 00002E
_ecu_layer_intialize                     text42       003FF4
_equal_flag                              bssBANK0     0000EC
_errno                                   bssBANK1     00010C
_evaluate_Postfix                        text13       0020B0
_flag                                    bssBANK0     0000EE
_flags                                   bssBANK0     0000E8
_fputc                                   text35       003234
_fputs                                   text34       003E90
_gpio_pin_direction_intialize            text51       002890
_gpio_pin_intialize                      text49       003B6A
_gpio_pin_read_logic                     text8        0033C4
_gpio_pin_write_logic                    text50       002B04
_infix                                   bssBANK2     000200
_infixToPostfix                          text9        0018DE
_initialize_t                            text16       00401A
_keypad_1                                dataBANK1    0001C7
_keypad_get_value                        text7        002D58
_keypad_initialize                       text48       0037B6
_lat_registers                           dataBANK1    0001AB
_lcd_1                                   dataBANK1    0001D1
_lcd_4bit_intialize                      text44       002C30
_lcd_4bit_send_char_data                 text6        003A1A
_lcd_4bit_send_char_data_pos             text4        003DC0
_lcd_4bit_send_command                   text45       003A8C
_lcd_4bit_send_string_pos                text3        003716
_lcd_4bits_send_enable_signal            text47       003F14
_lcd_4bits_set_cursor                    text5        003526
_lcd_send_4bits                          text46       003C40
_led_1                                   bssBANK0     0000F9
_led_initialize                          text43       0038B4
_led_turn_off                            text2        0039A4
_led_turn_on                             text1        00392E
_main                                    text0        0010AA
_memset                                  text40       0025B6
_nout                                    bssBANK1     00010E
_num_1                                   bssBANK1     000104
_op                                      bssBANK0     0000EA
_operator_type                           text11       0035CE
_operators                               dataBANK1    0001BF
_pad                                     text32       0032FE
_pop_t                                   text15       003E06
_port_registers                          dataBANK1    0001A1
_pos                                     dataBANK0    0000FB
_postfix                                 bssBANK1     000126
_prec                                    bssBANK0     0000E6
_precedence                              text10       003836
_push_t                                  text14       003E4C
_putch                                   text36       00403C
_res_counter                             bssBANK0     0000ED
_result                                  bssBANK1     000108
_sprintf                                 text24       003D6E
_strlen                                  text33       003FBE
_strncmp                                 text30       00307A
_sup_pos                                 dataBANK0    0000FA
_tris_registers                          dataBANK1    0001B5
_utoa                                    text27       001EAC
_val                                     bssCOMRAM    00007F
_vfpfcnvrt                               text26       0014F4
_vfprintf                                text25       003CA8
_width                                   bssBANK0     0000E4
abs@a                                    cstackCOMRAM 000013
check_digit@c                            cstackCOMRAM 000003
convert_uint32_to_string@ret             cstackCOMRAM 00007A
convert_uint32_to_string@str             cstackCOMRAM 000078
convert_uint32_to_string@value           cstackCOMRAM 000074
doMath@op                                cstackCOMRAM 00000E
doMath@op1                               cstackCOMRAM 000012
doMath@op2                               cstackCOMRAM 000016
dtoa@d                                   cstackCOMRAM 00001E
dtoa@fp                                  cstackCOMRAM 00001C
dtoa@i                                   cstackCOMRAM 00003E
dtoa@n                                   cstackCOMRAM 000036
dtoa@p                                   cstackCOMRAM 000030
dtoa@s                                   cstackCOMRAM 000034
dtoa@w                                   cstackCOMRAM 000032
end_of_initialization                    cinit        003B64
evaluate_Postfix@current                 cstackBANK0  00008C
evaluate_Postfix@i                       cstackBANK0  000090
evaluate_Postfix@operand1                cstackBANK0  000080
evaluate_Postfix@operand2                cstackBANK0  000084
evaluate_Postfix@operandStack            cstackBANK0  000092
evaluate_Postfix@postfix                 cstackCOMRAM 00001A
evaluate_Postfix@result                  cstackBANK0  000088
fabsf@F465                               bssBANK1     000100
fputc@c                                  cstackCOMRAM 000001
fputc@fp                                 cstackCOMRAM 000003
fputs@c                                  cstackCOMRAM 00000E
fputs@fp                                 cstackCOMRAM 00000C
fputs@i                                  cstackCOMRAM 00000F
fputs@s                                  cstackCOMRAM 00000A
gpio_pin_direction_intialize@_pin_config cstackCOMRAM 000001
gpio_pin_direction_intialize@ret         cstackCOMRAM 000009
gpio_pin_intialize@_pin_config           cstackCOMRAM 00000B
gpio_pin_intialize@ret                   cstackCOMRAM 00000E
gpio_pin_read_logic@_pin_config          cstackCOMRAM 000001
gpio_pin_read_logic@logic                cstackCOMRAM 000003
gpio_pin_read_logic@ret                  cstackCOMRAM 00000A
gpio_pin_write_logic@_pin_config         cstackCOMRAM 000001
gpio_pin_write_logic@logic               cstackCOMRAM 000003
gpio_pin_write_logic@ret                 cstackCOMRAM 00000A
infixToPostfix@current                   cstackCOMRAM 00001B
infixToPostfix@i                         cstackCOMRAM 00001C
infixToPostfix@infix                     cstackCOMRAM 00000E
infixToPostfix@j                         cstackCOMRAM 00001E
infixToPostfix@num_1                     cstackCOMRAM 000017
infixToPostfix@operatorStack             cstackCOMRAM 000020
infixToPostfix@postfix                   cstackCOMRAM 000010
initialize_t@stack                       cstackCOMRAM 000001
intlevel0                                text         000000
intlevel1                                text         000000
intlevel2                                text         000000
intlevel3                                text         000000
isa$std                                  (abs)        000001
isa$xinst                                (abs)        000000
keypad_get_value@_keypad_obj             cstackCOMRAM 00000B
keypad_get_value@column_logic            cstackCOMRAM 000012
keypad_get_value@l_columns_counter       cstackCOMRAM 000015
keypad_get_value@l_counter               cstackCOMRAM 000013
keypad_get_value@l_row_counter           cstackCOMRAM 000014
keypad_get_value@ret                     cstackCOMRAM 000011
keypad_get_value@value                   cstackCOMRAM 00000D
keypad_initialize@_keypad_obj            cstackCOMRAM 00000F
keypad_initialize@columns_counter        cstackCOMRAM 000015
keypad_initialize@ret                    cstackCOMRAM 000013
keypad_initialize@row_counter            cstackCOMRAM 000014
lcd_4bit_intialize@data_bins_counter     cstackCOMRAM 000017
lcd_4bit_intialize@lcd                   cstackCOMRAM 000013
lcd_4bit_intialize@ret                   cstackCOMRAM 000018
lcd_4bit_send_char_data@data             cstackCOMRAM 000011
lcd_4bit_send_char_data@lcd              cstackCOMRAM 00000F
lcd_4bit_send_char_data@ret              cstackCOMRAM 000012
lcd_4bit_send_char_data_pos@column       cstackCOMRAM 00001D
lcd_4bit_send_char_data_pos@data         cstackCOMRAM 00001E
lcd_4bit_send_char_data_pos@lcd          cstackCOMRAM 00001A
lcd_4bit_send_char_data_pos@ret          cstackCOMRAM 00001F
lcd_4bit_send_char_data_pos@row          cstackCOMRAM 00001C
lcd_4bit_send_command@command            cstackCOMRAM 000011
lcd_4bit_send_command@lcd                cstackCOMRAM 00000F
lcd_4bit_send_command@ret                cstackCOMRAM 000012
lcd_4bit_send_string_pos@column          cstackCOMRAM 00001D
lcd_4bit_send_string_pos@lcd             cstackCOMRAM 00001A
lcd_4bit_send_string_pos@ret             cstackCOMRAM 000020
lcd_4bit_send_string_pos@row             cstackCOMRAM 00001C
lcd_4bit_send_string_pos@str             cstackCOMRAM 00001E
lcd_4bits_send_enable_signal@lcd         cstackCOMRAM 00000B
lcd_4bits_send_enable_signal@ret         cstackCOMRAM 00000E
lcd_4bits_set_cursor@column              cstackCOMRAM 000016
lcd_4bits_set_cursor@lcd                 cstackCOMRAM 000013
lcd_4bits_set_cursor@ret                 cstackCOMRAM 000019
lcd_4bits_set_cursor@row                 cstackCOMRAM 000015
lcd_send_4bits@_data_command             cstackCOMRAM 00000D
lcd_send_4bits@lcd                       cstackCOMRAM 00000B
lcd_send_4bits@ret                       cstackCOMRAM 00000E
led_initialize@F3045                     bssBANK0     0000F6
led_initialize@led                       cstackCOMRAM 00000F
led_initialize@pin_obj                   cstackCOMRAM 000013
led_initialize@ret                       cstackCOMRAM 000012
led_turn_off@F3055                       bssBANK0     0000F4
led_turn_off@led                         cstackCOMRAM 00000B
led_turn_off@pin_obj                     cstackCOMRAM 00000E
led_turn_on@F3050                        bssBANK0     0000F5
led_turn_on@led                          cstackCOMRAM 00000B
led_turn_on@pin_obj                      cstackCOMRAM 00000E
led_turn_toggle@F3060                    bssBANK0     0000F3
main@i                                   cstackCOMRAM 00007D
memset@c                                 cstackCOMRAM 000003
memset@dest                              cstackCOMRAM 000001
memset@k                                 cstackCOMRAM 000009
memset@n                                 cstackCOMRAM 000005
memset@s                                 cstackCOMRAM 00000B
operator_type@input                      cstackCOMRAM 000005
pad@buf                                  cstackCOMRAM 000013
pad@fp                                   cstackCOMRAM 000011
pad@i                                    cstackCOMRAM 000018
pad@p                                    cstackCOMRAM 000015
pad@w                                    cstackCOMRAM 00001A
pop_t@stack                              cstackCOMRAM 000001
precedence@op                            cstackCOMRAM 000003
push_t@c                                 cstackCOMRAM 000008
push_t@stack                             cstackCOMRAM 000006
relay_initialize@F3039                   bssBANK0     0000F2
relay_turn_off@F3049                     bssBANK0     0000F0
relay_turn_on@F3044                      bssBANK0     0000F1
sprintf@ap                               cstackBANK0  000080
sprintf@f                                cstackBANK0  000082
sprintf@fmt                              cstackCOMRAM 00006E
sprintf@s                                cstackCOMRAM 00006C
stackhi                                  (abs)        000000
stacklo                                  (abs)        000000
start                                    init         000000
start_initialization                     cinit        003AFE
strlen@a                                 cstackCOMRAM 000003
strlen@s                                 cstackCOMRAM 000001
strncmp@_l                               cstackCOMRAM 000001
strncmp@_r                               cstackCOMRAM 000003
strncmp@l                                cstackCOMRAM 000008
strncmp@n                                cstackCOMRAM 000005
strncmp@r                                cstackCOMRAM 00000A
utoa@d                                   cstackCOMRAM 00001E
utoa@fp                                  cstackCOMRAM 00001C
utoa@i                                   cstackCOMRAM 00003A
utoa@n                                   cstackCOMRAM 000032
utoa@p                                   cstackCOMRAM 00002E
utoa@w                                   cstackCOMRAM 000030
vfpfcnvrt@ap                             cstackCOMRAM 000044
vfpfcnvrt@fmt                            cstackCOMRAM 000042
vfpfcnvrt@fp                             cstackCOMRAM 000040
vfpfcnvrt@ll                             cstackCOMRAM 000054
vfpfcnvrt@llu                            cstackCOMRAM 00005C
vfprintf@ap                              cstackCOMRAM 000068
vfprintf@cfmt                            cstackCOMRAM 00006A
vfprintf@fmt                             cstackCOMRAM 000066
vfprintf@fp                              cstackCOMRAM 000064


MODULE INFORMATION

Module		Function		Class		Link	Load	Size
Algorithms/Infix_to_postfix/infix_to_post.c
		_check_digit   		CODE           	3F50	0000	56
		_infixToPostfix		CODE           	18DE	0000	746
		_pop_t         		CODE           	3E06	0000	70
		_evaluate_Postfix		CODE           	20B0	0000	458
		_Is_digit      		CODE           	2E7A	0000	272
		_precedence    		CODE           	3836	0000	126
		_initialize_t  		CODE           	401A	0000	22
		_doMath        		CODE           	29D4	0000	304
		_operator_type 		CODE           	35CE	0000	164
		_push_t        		CODE           	3E4C	0000	68

Algorithms/Infix_to_postfix/infix_to_post.c estimated size: 2286

C:\Program Files\Microchip\xc8\v2.36\pic\sources\c99\common\putch.c
		_putch         		CODE           	403C	0000	2

C:\Program Files\Microchip\xc8\v2.36\pic\sources\c99\common\putch.c estimated size: 2

ECU_layer/KeyPad/ecu_keypad.c
		_keypad_get_value		CODE           	2D58	0000	290
		_keypad_initialize		CODE           	37B6	0000	128

ECU_layer/KeyPad/ecu_keypad.c estimated size: 418

C:\Program Files\Microchip\xc8\v2.36\pic\sources\c99\common\lomod.c
		___lomod       		CODE           	3164	0000	208

C:\Program Files\Microchip\xc8\v2.36\pic\sources\c99\common\lomod.c estimated size: 208

C:\Program Files\Microchip\xc8\v2.36\pic\sources\c99\common\nf_fputs.c
		_fputs         		CODE           	3E90	0000	68

C:\Program Files\Microchip\xc8\v2.36\pic\sources\c99\common\nf_fputs.c estimated size: 68

C:\Program Files\Microchip\xc8\v2.36\pic\sources\c99\common\aomod.c
		___aomod       		CODE           	272C	0000	356

C:\Program Files\Microchip\xc8\v2.36\pic\sources\c99\common\aomod.c estimated size: 356

MCAL_layer/GPIO/hal_gpio.c
		_gpio_pin_write_logic		CODE           	2B04	0000	300
		_gpio_pin_intialize		CODE           	3B6A	0000	108
		_gpio_pin_read_logic		CODE           	33C4	0000	184
		_gpio_pin_direction_intialize		CODE           	2890	0000	324

MCAL_layer/GPIO/hal_gpio.c estimated size: 916

C:\Program Files\Microchip\xc8\v2.36\pic\sources\c99\common\strncmp.c
		_strncmp       		CODE           	307A	0000	234

C:\Program Files\Microchip\xc8\v2.36\pic\sources\c99\common\strncmp.c estimated size: 234

C:\Program Files\Microchip\xc8\v2.36\pic\sources\c99\common\fleq.c
		___fleq        		CODE           	347C	0000	170

C:\Program Files\Microchip\xc8\v2.36\pic\sources\c99\common\fleq.c estimated size: 170

C:\Program Files\Microchip\xc8\v2.36\pic\sources\c99\common\Umul32.c
		___lmul        		CODE           	3BD6	0000	106

C:\Program Files\Microchip\xc8\v2.36\pic\sources\c99\common\Umul32.c estimated size: 106

C:\Program Files\Microchip\xc8\v2.36\pic\sources\c99\common\nf_sprintf.c
		_sprintf       		CODE           	3D6E	0000	82

C:\Program Files\Microchip\xc8\v2.36\pic\sources\c99\common\nf_sprintf.c estimated size: 82

ECU_layer/ecu_layer_init.c
		_ecu_layer_intialize		CODE           	3FF4	0000	38

ECU_layer/ecu_layer_init.c estimated size: 38

C:\Program Files\Microchip\xc8\v2.36\pic\sources\c99\common\xxtofl.c
		___xxtofl      		CODE           	227A	0000	436

C:\Program Files\Microchip\xc8\v2.36\pic\sources\c99\common\xxtofl.c estimated size: 436

C:\Program Files\Microchip\xc8\v2.36\pic\sources\c99\common\strlen.c
		_strlen        		CODE           	3FBE	0000	54

C:\Program Files\Microchip\xc8\v2.36\pic\sources\c99\common\strlen.c estimated size: 54

C:\Program Files\Microchip\xc8\v2.36\pic\sources\c99\common\__lldiv.c
		___lldiv       		CODE           	3672	0000	164

C:\Program Files\Microchip\xc8\v2.36\pic\sources\c99\common\__lldiv.c estimated size: 164

C:\Program Files\Microchip\xc8\v2.36\pic\sources\c99\common\lodiv.c
		___lodiv       		CODE           	2F8A	0000	240

C:\Program Files\Microchip\xc8\v2.36\pic\sources\c99\common\lodiv.c estimated size: 240

Application.c
		_main          		CODE           	10AA	0000	1098
		_application_intialize		CODE           	4036	0000	6

Application.c estimated size: 1104

C:\Program Files\Microchip\xc8\v2.36\pic\sources\c99\common\aodiv.c
		___aodiv       		CODE           	242E	0000	392

C:\Program Files\Microchip\xc8\v2.36\pic\sources\c99\common\aodiv.c estimated size: 392

C:\Program Files\Microchip\xc8\v2.36\pic\sources\c99\common\memset.c
		_memset        		CODE           	25B6	0000	374

C:\Program Files\Microchip\xc8\v2.36\pic\sources\c99\common\memset.c estimated size: 374

ECU_layer/Chr_LCD/ecu_chr_lcd.c
		_lcd_4bits_set_cursor		CODE           	3526	0000	168
		_lcd_4bit_send_command		CODE           	3A8C	0000	114
		_lcd_4bit_send_string_pos		CODE           	3716	0000	160
		_lcd_4bit_send_char_data		CODE           	3A1A	0000	114
		_lcd_send_4bits		CODE           	3C40	0000	104
		_lcd_4bit_intialize		CODE           	2C30	0000	296
		_lcd_4bit_send_char_data_pos		CODE           	3DC0	0000	70
		_convert_uint32_to_string		CODE           	3D0C	0000	98
		_lcd_4bits_send_enable_signal		CODE           	3F14	0000	60

ECU_layer/Chr_LCD/ecu_chr_lcd.c estimated size: 1184

C:\Program Files\Microchip\xc8\v2.36\pic\sources\c99\common\nf_fputc.c
		_fputc         		CODE           	3234	0000	202

C:\Program Files\Microchip\xc8\v2.36\pic\sources\c99\common\nf_fputc.c estimated size: 202

C:\Program Files\Microchip\xc8\v2.36\pic\sources\c99\common\doprnt.c
		_vfpfcnvrt     		CODE           	14F4	0000	1002
		_pad           		CODE           	32FE	0000	198
		_dtoa          		CODE           	1BC8	0000	740
		_vfprintf      		CODE           	3CA8	0000	100
		_utoa          		CODE           	1EAC	0000	516

C:\Program Files\Microchip\xc8\v2.36\pic\sources\c99\common\doprnt.c estimated size: 2556

shared
		_L5            		SMALLCONST     	0000	0000	0
		_P3            		SMALLCONST     	0000	0000	0
		_L6            		SMALLCONST     	0000	0000	0
		_P4            		SMALLCONST     	0000	0000	0
		_P5            		SMALLCONST     	0000	0000	0
		_lg2_l         		SMALLCONST     	0000	0000	0
		_ivln2_l       		SMALLCONST     	0000	0000	0
		_ivln2         		SMALLCONST     	0000	0000	0
		_btn_values    		SMALLCONST     	1001	0000	24
		__initialization		CODE           	3AFE	0000	102
		_bp            		SMALLCONST     	0000	0000	0
		_cp            		SMALLCONST     	0000	0000	0
		_cp_h          		SMALLCONST     	0000	0000	0
		_dp_h          		SMALLCONST     	0000	0000	0
		_lg2           		SMALLCONST     	0000	0000	0
		_tiny@sqrtf$F2689		SMALLCONST     	0000	0000	0
		_lg2_h         		SMALLCONST     	0000	0000	0
		_ivln2_h       		SMALLCONST     	0000	0000	0
		_tiny          		SMALLCONST     	0000	0000	0
		_ovt           		SMALLCONST     	0000	0000	0
		_huge          		SMALLCONST     	0000	0000	0
		_two24         		SMALLCONST     	0000	0000	0
		_cp_l          		SMALLCONST     	0000	0000	0
		_dp_l          		SMALLCONST     	0000	0000	0
		_L1            		SMALLCONST     	0000	0000	0
		_L2            		SMALLCONST     	0000	0000	0
		_L3            		SMALLCONST     	0000	0000	0
		_P1            		SMALLCONST     	0000	0000	0
		_L4            		SMALLCONST     	0000	0000	0
		_P2            		SMALLCONST     	0000	0000	0

shared estimated size: 126

ECU_layer/LED/ecu_led.c
		_led_initialize		CODE           	38B4	0000	122
		_led_turn_on   		CODE           	392E	0000	118
		_led_turn_off  		CODE           	39A4	0000	118

ECU_layer/LED/ecu_led.c estimated size: 358

C:\Program Files\Microchip\xc8\v2.36\pic\sources\c99\common\abs.c
		_abs           		CODE           	3ED4	0000	64

C:\Program Files\Microchip\xc8\v2.36\pic\sources\c99\common\abs.c estimated size: 64

