Microchip MPLAB XC8 Compiler V2.36

Linker command line:

-W-3 --edf=C:\Program Files\Microchip\xc8\v2.36\pic\dat\en_msgs.txt -cn \
  -h+dist/default/production\MP_lap_Codes.production.sym \
  --cmf=dist/default/production\MP_lap_Codes.production.cmf -z -Q18F4620 \
  -oC:\Users\2m\AppData\Local\Temp\xcAshbk.4 --defsym=__MPLAB_BUILD=1 \
  -Mdist/default/production/MP_lap_Codes.production.map \
  --md=C:\Users\2m\AppData\Local\Temp\xcAshbk.dat -E1 -ver=XC8 Compiler \
  --acfsm=1493 -ACODE=00h-0FFFFh -ACONST=00h-0FFFFh \
  -ASMALLCONST=01000h-010FFhx240 -AMEDIUMCONST=01000h-0FFFFh \
  -ACOMRAM=01h-07Fh -AABS1=00h-0F7Fh -ABIGRAM=01h-0F7Fh \
  -ARAM=080h-0FFh,0100h-01FFhx14,0F00h-0F7Fh -ABANK0=080h-0FFh \
  -ABANK1=0100h-01FFh -ABANK2=0200h-02FFh -ABANK3=0300h-03FFh \
  -ABANK4=0400h-04FFh -ABANK5=0500h-05FFh -ABANK6=0600h-06FFh \
  -ABANK7=0700h-07FFh -ABANK8=0800h-08FFh -ABANK9=0900h-09FFh \
  -ABANK10=0A00h-0AFFh -ABANK11=0B00h-0BFFh -ABANK12=0C00h-0CFFh \
  -ABANK13=0D00h-0DFFh -ABANK14=0E00h-0EFFh -ABANK15=0F00h-0F7Fh \
  -ASFR=0F80h-0FFFh -ABIGSFR=0F80h-0FFFh -ACONFIG=0300000h-030000Dh \
  -AIDLOC=0200000h-0200007h -AEEDATA=0F00000h-0F003FFh -peeprom_data=EEDATA \
  -preset_vec=00h,intcode,intcodelo,powerup,init -pramtop=01000h \
  -psmallconst=SMALLCONST -pmediumconst=MEDIUMCONST -pconst=CONST \
  -AFARRAM=00h-00h \
  -prdata=COMRAM,nvrram=COMRAM,nvbit=COMRAM,rbss=COMRAM,rbit=COMRAM \
  -pfarbss=FARRAM,fardata=FARRAM,nvFARRAM=FARRAM \
  -pintsave_regs=BIGRAM,bigbss=BIGRAM,bigdata=BIGRAM -pbss=RAM \
  -pidata=CODE,irdata=CODE,ibigdata=CODE,ifardata=CODE -prparam=COMRAM \
  C:\Users\2m\AppData\Local\Temp\xcAshbk.o \
  dist/default/production\MP_lap_Codes.production.o 

Object code version is 3.11

Machine type is 18F4620



                Name                               Link     Load   Length Selector   Space Scale
C:\Users\2m\AppData\Local\Temp\xcAshbk.o
                idloc                            200000   200000        8        0       5
                config                           300000   300000        E        0       4
                init                                  0        0        4        0       0
dist/default/production\MP_lap_Codes.production.o
                idloc                            200000   200000        8        0       5
                config                           300000   300000        E        0       4
                smallconst                         1000     1000       44      800       0
                text64                             45B6     45B6      144      822       0
                text63                             4836     4836      12C      822       0
                text62                             5AEA     5AEA       6C      822       0
                text61                             5748     5748       80      822       0
                text60                             5EAA     5EAA       3C      822       0
                text59                             5B56     5B56       68      822       0
                text58                             59A0     59A0       72      822       0
                text57                             4962     4962      128      822       0
                text56                             57C8     57C8       7A      822       0
                text55                             6058     6058       26     2F91       0
                text54                             60AA     60AA        6     2F91       0
                text53                             3FA0     3FA0      1B4      822       0
                text52                             5F92     5F92       38     2F91       0
                text51                             2FC4     2FC4      39A      822       0
                text50                             2B9A     2B9A      42A      822       0
                text49                             227A     227A      4C0      822       0
                text48                             5D9C     5D9C       46      822       0
                text47                             46FA     46FA      13C      822       0
                text46                             6094     6094       16     2F91       0
                text45                             5D56     5D56       46      822       0
                text44                             5E26     5E26       44      822       0
                text43                             335E     335E      362      822       0
                text42                             607E     607E       16     2F91       0
                text41                             602C     602C       2C     2F91       0
                text40                             5A7E     5A7E       6C      822       0
                text39                             6000     6000       2C     2F91       0
                text38                             3DBA     3DBA      1E6      822       0
                text37                             53EE     53EE       B8      822       0
                text36                             4BB0     4BB0      122      822       0
                text35                             592E     592E       72      822       0
                text34                             5600     5600       A8      822       0
                text33                             5D10     5D10       46      822       0
                text32                             56A8     56A8       A0      822       0
                text31                             58B8     58B8       76      822       0
                text30                             5842     5842       76      822       0
                text29                             42DC     42DC      176      822       0
                text28                             4154     4154      188      822       0
                text27                             4452     4452      164      822       0
                text26                             5E6A     5E6A       40      822       0
                text25                             60B0     60B0        2     2F91       0
                text24                             519A     519A       CA      822       0
                text23                             5DE2     5DE2       44      822       0
                text22                             5FCA     5FCA       36     2F91       0
                text21                             5264     5264       C6      822       0
                text20                             36C0     36C0      2E4      822       0
                text19                             532A     532A       C4      822       0
                text18                             54A6     54A6       B0      822       0
                text17                             5556     5556       AA      822       0
                text16                             4DD8     4DD8      104      822       0
                text15                             5F5A     5F5A       38     2F91       0
                text14                             4CD2     4CD2      106      822       0
                text13                             4EDC     4EDC       FE      822       0
                text12                             39A4     39A4      212      822       0
                text11                             5BBE     5BBE       5E      822       0
                text10                             5F22     5F22       38     2F91       0
                text9                              5CCA     5CCA       46      822       0
                text8                              1044     1044      BF0      822       0
                text7                              4A8A     4A8A      126      822       0
                text6                              4FDA     4FDA       F0      822       0
                text5                              50CA     50CA       D0      822       0
                text4                              3BB6     3BB6      204      822       0
                text3                              1C34     1C34      646      822       0
                text2                              5A12     5A12       6C      822       0
                text1                              5C78     5C78       52      822       0
                text0                              273A     273A      460      822       0
                cstackCOMRAM                          1        1       7F        1       1
                cstackBANK0                          80       80       6B       80       1
                bssBANK2                            200      200       C8      200       1
                dataBANK1                           186      186       3B      100       1
                bssBANK1                            100      100       86      100       1
                dataBANK0                            FF       FF        1       80       1
                bssBANK0                             EB       EB       14       80       1
                cinit                              5C1C     5C1C       5C      822       0
                idataBANK1                         5EE6     5EE6       3B      822       0
                idataBANK0                         60B2     60B2        1     2F91       0

TOTAL           Name                               Link     Load   Length     Space
        CLASS   CODE           
                init                                  0        0        4         0
                text64                             45B6     45B6      144         0
                text63                             4836     4836      12C         0
                text62                             5AEA     5AEA       6C         0
                text61                             5748     5748       80         0
                text60                             5EAA     5EAA       3C         0
                text59                             5B56     5B56       68         0
                text58                             59A0     59A0       72         0
                text57                             4962     4962      128         0
                text56                             57C8     57C8       7A         0
                text55                             6058     6058       26         0
                text54                             60AA     60AA        6         0
                text53                             3FA0     3FA0      1B4         0
                text52                             5F92     5F92       38         0
                text51                             2FC4     2FC4      39A         0
                text50                             2B9A     2B9A      42A         0
                text49                             227A     227A      4C0         0
                text48                             5D9C     5D9C       46         0
                text47                             46FA     46FA      13C         0
                text46                             6094     6094       16         0
                text45                             5D56     5D56       46         0
                text44                             5E26     5E26       44         0
                text43                             335E     335E      362         0
                text42                             607E     607E       16         0
                text41                             602C     602C       2C         0
                text40                             5A7E     5A7E       6C         0
                text39                             6000     6000       2C         0
                text38                             3DBA     3DBA      1E6         0
                text37                             53EE     53EE       B8         0
                text36                             4BB0     4BB0      122         0
                text35                             592E     592E       72         0
                text34                             5600     5600       A8         0
                text33                             5D10     5D10       46         0
                text32                             56A8     56A8       A0         0
                text31                             58B8     58B8       76         0
                text30                             5842     5842       76         0
                text29                             42DC     42DC      176         0
                text28                             4154     4154      188         0
                text27                             4452     4452      164         0
                text26                             5E6A     5E6A       40         0
                text25                             60B0     60B0        2         0
                text24                             519A     519A       CA         0
                text23                             5DE2     5DE2       44         0
                text22                             5FCA     5FCA       36         0
                text21                             5264     5264       C6         0
                text20                             36C0     36C0      2E4         0
                text19                             532A     532A       C4         0
                text18                             54A6     54A6       B0         0
                text17                             5556     5556       AA         0
                text16                             4DD8     4DD8      104         0
                text15                             5F5A     5F5A       38         0
                text14                             4CD2     4CD2      106         0
                text13                             4EDC     4EDC       FE         0
                text12                             39A4     39A4      212         0
                text11                             5BBE     5BBE       5E         0
                text10                             5F22     5F22       38         0
                text9                              5CCA     5CCA       46         0
                text8                              1044     1044      BF0         0
                text7                              4A8A     4A8A      126         0
                text6                              4FDA     4FDA       F0         0
                text5                              50CA     50CA       D0         0
                text4                              3BB6     3BB6      204         0
                text3                              1C34     1C34      646         0
                text2                              5A12     5A12       6C         0
                text1                              5C78     5C78       52         0
                text0                              273A     273A      460         0
                cinit                              5C1C     5C1C       5C         0
                idataBANK1                         5EE6     5EE6       3B         0
                idataBANK0                         60B2     60B2        1         0

        CLASS   CONST          

        CLASS   SMALLCONST     
                smallconst                         1000     1000       44         0

        CLASS   MEDIUMCONST    

        CLASS   COMRAM         
                cstackCOMRAM                          1        1       7F         1

        CLASS   ABS1           

        CLASS   BIGRAM         

        CLASS   RAM            

        CLASS   BANK0          
                cstackBANK0                          80       80       6B         1
                dataBANK0                            FF       FF        1         1
                bssBANK0                             EB       EB       14         1

        CLASS   BANK1          
                dataBANK1                           186      186       3B         1
                bssBANK1                            100      100       86         1

        CLASS   BANK2          
                bssBANK2                            200      200       C8         1

        CLASS   BANK3          

        CLASS   BANK4          

        CLASS   BANK5          

        CLASS   BANK6          

        CLASS   BANK7          

        CLASS   BANK8          

        CLASS   BANK9          

        CLASS   BANK10         

        CLASS   BANK11         

        CLASS   BANK12         

        CLASS   BANK13         

        CLASS   BANK14         

        CLASS   BANK15         

        CLASS   SFR            

        CLASS   BIGSFR         

        CLASS   CONFIG         
                config                           300000   300000        E         4

        CLASS   IDLOC          
                idloc                            200000   200000        8         5

        CLASS   EEDATA         

        CLASS   FARRAM         

        CLASS   HEAP           

        CLASS   STACK          



SEGMENTS        Name                           Load    Length   Top    Selector   Space  Class

                reset_vec                      000000  000004  000004         0       0  CODE    
                cstackCOMRAM                   000001  00007F  000080         1       1  COMRAM  
                cstackBANK0                    000080  000080  000100        80       1  BANK0   
                bssBANK1                       000100  0000C1  0001C1       100       1  BANK1   
                bssBANK2                       000200  0000C8  0002C8       200       1  BANK2   
                smallconst                     001000  000044  001044       800       0  SMALLCON
                text8                          001044  004EDD  005F21       822       0  CODE    
                text10                         005F22  000191  0060B3      2F91       0  CODE    


UNUSED ADDRESS RANGES

        Name                Unused          Largest block    Delta
        BANK1            0001C1-0001FF               3F
        BANK10           000A00-000AFF              100
        BANK11           000B00-000BFF              100
        BANK12           000C00-000CFF              100
        BANK13           000D00-000DFF              100
        BANK14           000E00-000EFF              100
        BANK15           000F00-000F7F               80
        BANK2            0002C8-0002FF               38
        BANK3            000300-0003FF              100
        BANK4            000400-0004FF              100
        BANK5            000500-0005FF              100
        BANK6            000600-0006FF              100
        BANK7            000700-0007FF              100
        BANK8            000800-0008FF              100
        BANK9            000900-0009FF              100
        BIGRAM           0001C1-0001FF               3F
                         0002C8-000F7F              CB8
        BIGSFR           000F80-000FFF               80
        CODE             000004-000FFF              FFC
                         005F21-005F21                1
                         0060B3-00FFFF             9F4D
        CONST            000004-000FFF              FFC
                         005F21-005F21                1
                         0060B3-00FFFF             9F4D
        EEDATA           F00000-F003FF              400
        MEDIUMCONST      005F21-005F21                1
                         0060B3-00FFFF             9F4D
        RAM              0001C1-0001FF               3F
                         0002C8-000F7F              100
        SFR              000F80-000FFF               80
        SMALLCONST       005F21-005F21                1
                         0060B3-00FFFF              100

                                  Symbol Table

?___aodiv                                cstackCOMRAM 000001
?___aomod                                cstackCOMRAM 000001
?___awdiv                                cstackCOMRAM 000001
?___awmod                                cstackCOMRAM 000001
?___fladd                                cstackCOMRAM 000028
?___fldiv                                cstackCOMRAM 000001
?___flmul                                cstackCOMRAM 00000F
?___flneg                                cstackCOMRAM 000001
?___flsub                                cstackCOMRAM 000038
?___fltol                                cstackCOMRAM 000001
?___fpclassifyf                          cstackCOMRAM 000001
?___lodiv                                cstackCOMRAM 000001
?___lomod                                cstackCOMRAM 000001
?___xxtofl                               cstackCOMRAM 000001
?_abs                                    cstackCOMRAM 000013
?_check_digit                            cstackCOMRAM 000001
?_doMath                                 cstackCOMRAM 000040
?_dtoa                                   cstackCOMRAM 00001C
?_efgtoa                                 cstackCOMRAM 000040
?_floorf                                 cstackCOMRAM 00001A
?_isupper                                cstackCOMRAM 000001
?_pad                                    cstackCOMRAM 000011
?_pop_t                                  cstackCOMRAM 000001
?_precedence                             cstackCOMRAM 000001
?_sprintf                                cstackBANK0  0000B2
?_strlen                                 cstackCOMRAM 000001
?_strncmp                                cstackCOMRAM 000001
?_tolower                                cstackCOMRAM 000007
?_utoa                                   cstackCOMRAM 00001C
?_vfpfcnvrt                              cstackBANK0  000080
?_vfprintf                               cstackBANK0  0000AC
_BAUDCONbits                             (abs)        000FB8
_INT0_InterruptHandler                   bssBANK1     000124
_INT1_InterruptHandler                   bssBANK1     000122
_INT2_InterruptHandler                   bssBANK1     000120
_LATA                                    (abs)        000F89
_LATB                                    (abs)        000F8A
_LATC                                    (abs)        000F8B
_LATD                                    (abs)        000F8C
_LATE                                    (abs)        000F8D
_PIE1bits                                (abs)        000F9D
_PIR1bits                                (abs)        000F9E
_PORTA                                   (abs)        000F80
_PORTB                                   (abs)        000F81
_PORTC                                   (abs)        000F82
_PORTD                                   (abs)        000F83
_PORTE                                   (abs)        000F84
_RB4_Flag                                dataBANK1    0001B0
_RB5_Flag                                dataBANK1    0001AF
_RB6_Flag                                dataBANK1    0001AE
_RB7_Flag                                dataBANK1    0001AD
_RCREG                                   (abs)        000FAE
_RCSTAbits                               (abs)        000FAB
_SPBRG                                   (abs)        000FAF
_SPBRGH                                  (abs)        000FB0
_SSPADD                                  (abs)        000FC8
_SSPBUF                                  (abs)        000FC9
_SSPCON1bits                             (abs)        000FC6
_SSPCON2bits                             (abs)        000FC5
_SSPSTATbits                             (abs)        000FC7
_T0CONbits                               (abs)        000FD5
_TRISA                                   (abs)        000F92
_TRISB                                   (abs)        000F93
_TRISC                                   (abs)        000F94
_TRISCbits                               (abs)        000F94
_TRISD                                   (abs)        000F95
_TRISE                                   (abs)        000F96
_TXREG                                   (abs)        000FAD
_TXSTAbits                               (abs)        000FAC
__HRAM                                   (abs)        000000
__Habs1                                  abs1         000000
__Hbank0                                 bank0        000000
__Hbank1                                 bank1        000000
__Hbank10                                bank10       000000
__Hbank11                                bank11       000000
__Hbank12                                bank12       000000
__Hbank13                                bank13       000000
__Hbank14                                bank14       000000
__Hbank15                                bank15       000000
__Hbank2                                 bank2        000000
__Hbank3                                 bank3        000000
__Hbank4                                 bank4        000000
__Hbank5                                 bank5        000000
__Hbank6                                 bank6        000000
__Hbank7                                 bank7        000000
__Hbank8                                 bank8        000000
__Hbank9                                 bank9        000000
__Hbigbss                                bigbss       000000
__Hbigdata                               bigdata      000000
__Hbigram                                bigram       000000
__Hbigsfr                                bigsfr       000000
__Hbss                                   bss          000000
__HbssBANK0                              bssBANK0     000000
__HbssBANK1                              bssBANK1     000000
__HbssBANK2                              bssBANK2     000000
__Hcinit                                 cinit        000000
__Hclrtext                               clrtext      000000
__Hcomram                                comram       000000
__Hconfig                                config       30000E
__Hconst                                 const        000000
__HcstackBANK0                           cstackBANK0  000000
__HcstackCOMRAM                          cstackCOMRAM 000000
__Hdata                                  data         000000
__HdataBANK0                             dataBANK0    000000
__HdataBANK1                             dataBANK1    000000
__Heeprom_data                           eeprom_data  000000
__Hfarbss                                farbss       000000
__Hfardata                               fardata      000000
__Hheap                                  heap         000000
__Hibigdata                              ibigdata     000000
__Hidata                                 idata        000000
__HidataBANK0                            idataBANK0   000000
__HidataBANK1                            idataBANK1   000000
__Hidloc                                 idloc        200008
__Hifardata                              ifardata     000000
__Hinit                                  init         000004
__Hintcode                               intcode      000000
__Hintcode_body                          intcode_body 000000
__Hintcodelo                             intcodelo    000000
__Hintentry                              intentry     000000
__Hintret                                intret       000000
__Hintsave_regs                          intsave_regs 000000
__Hirdata                                irdata       000000
__Hmediumconst                           mediumconst  000000
__HnvFARRAM                              nvFARRAM     000000
__Hnvbit                                 nvbit        000000
__Hnvrram                                nvrram       000000
__Hparam                                 rparam       000000
__Hpowerup                               powerup      000000
__Hram                                   ram          000000
__Hramtop                                ramtop       001000
__Hrbit                                  rbit         000000
__Hrbss                                  rbss         000000
__Hrdata                                 rdata        000000
__Hreset_vec                             reset_vec    000000
__Hrparam                                rparam       000000
__Hsfr                                   sfr          000000
__Hsmallconst                            smallconst   001044
__Hspace_0                               (abs)        0060B3
__Hspace_1                               (abs)        0002C8
__Hspace_2                               (abs)        000000
__Hspace_4                               (abs)        60000E
__Hstack                                 stack        000000
__Hstruct                                struct       000000
__Htemp                                  temp         000000
__Htext                                  text         000000
__Htext0                                 text0        000000
__Htext1                                 text1        000000
__Htext10                                text10       000000
__Htext11                                text11       000000
__Htext12                                text12       000000
__Htext13                                text13       000000
__Htext14                                text14       000000
__Htext15                                text15       000000
__Htext16                                text16       000000
__Htext17                                text17       000000
__Htext18                                text18       000000
__Htext19                                text19       000000
__Htext2                                 text2        000000
__Htext20                                text20       000000
__Htext21                                text21       000000
__Htext22                                text22       000000
__Htext23                                text23       000000
__Htext24                                text24       000000
__Htext25                                text25       000000
__Htext26                                text26       000000
__Htext27                                text27       000000
__Htext28                                text28       000000
__Htext29                                text29       000000
__Htext3                                 text3        000000
__Htext30                                text30       000000
__Htext31                                text31       000000
__Htext32                                text32       000000
__Htext33                                text33       000000
__Htext34                                text34       000000
__Htext35                                text35       000000
__Htext36                                text36       000000
__Htext37                                text37       000000
__Htext38                                text38       000000
__Htext39                                text39       000000
__Htext4                                 text4        000000
__Htext40                                text40       000000
__Htext41                                text41       000000
__Htext42                                text42       000000
__Htext43                                text43       000000
__Htext44                                text44       000000
__Htext45                                text45       000000
__Htext46                                text46       000000
__Htext47                                text47       000000
__Htext48                                text48       000000
__Htext49                                text49       000000
__Htext5                                 text5        000000
__Htext50                                text50       000000
__Htext51                                text51       000000
__Htext52                                text52       000000
__Htext53                                text53       000000
__Htext54                                text54       000000
__Htext55                                text55       000000
__Htext56                                text56       000000
__Htext57                                text57       000000
__Htext58                                text58       000000
__Htext59                                text59       000000
__Htext6                                 text6        000000
__Htext60                                text60       000000
__Htext61                                text61       000000
__Htext62                                text62       000000
__Htext63                                text63       000000
__Htext64                                text64       000000
__Htext7                                 text7        000000
__Htext8                                 text8        000000
__Htext9                                 text9        000000
__LRAM                                   (abs)        000001
__Labs1                                  abs1         000000
__Lbank0                                 bank0        000000
__Lbank1                                 bank1        000000
__Lbank10                                bank10       000000
__Lbank11                                bank11       000000
__Lbank12                                bank12       000000
__Lbank13                                bank13       000000
__Lbank14                                bank14       000000
__Lbank15                                bank15       000000
__Lbank2                                 bank2        000000
__Lbank3                                 bank3        000000
__Lbank4                                 bank4        000000
__Lbank5                                 bank5        000000
__Lbank6                                 bank6        000000
__Lbank7                                 bank7        000000
__Lbank8                                 bank8        000000
__Lbank9                                 bank9        000000
__Lbigbss                                bigbss       000000
__Lbigdata                               bigdata      000000
__Lbigram                                bigram       000000
__Lbigsfr                                bigsfr       000000
__Lbss                                   bss          000000
__LbssBANK0                              bssBANK0     000000
__LbssBANK1                              bssBANK1     000000
__LbssBANK2                              bssBANK2     000000
__Lcinit                                 cinit        000000
__Lclrtext                               clrtext      000000
__Lcomram                                comram       000000
__Lconfig                                config       000000
__Lconst                                 const        000000
__LcstackBANK0                           cstackBANK0  000000
__LcstackCOMRAM                          cstackCOMRAM 000000
__Ldata                                  data         000000
__LdataBANK0                             dataBANK0    000000
__LdataBANK1                             dataBANK1    000000
__Leeprom_data                           eeprom_data  000000
__Lfarbss                                farbss       000000
__Lfardata                               fardata      000000
__Lheap                                  heap         000000
__Libigdata                              ibigdata     000000
__Lidata                                 idata        000000
__LidataBANK0                            idataBANK0   000000
__LidataBANK1                            idataBANK1   000000
__Lidloc                                 idloc        000000
__Lifardata                              ifardata     000000
__Linit                                  init         000000
__Lintcode                               intcode      000000
__Lintcode_body                          intcode_body 000000
__Lintcodelo                             intcodelo    000000
__Lintentry                              intentry     000000
__Lintret                                intret       000000
__Lintsave_regs                          intsave_regs 000000
__Lirdata                                irdata       000000
__Lmediumconst                           mediumconst  000000
__LnvFARRAM                              nvFARRAM     000000
__Lnvbit                                 nvbit        000000
__Lnvrram                                nvrram       000000
__Lparam                                 rparam       000000
__Lpowerup                               powerup      000000
__Lram                                   ram          000000
__Lramtop                                ramtop       001000
__Lrbit                                  rbit         000000
__Lrbss                                  rbss         000000
__Lrdata                                 rdata        000000
__Lreset_vec                             reset_vec    000000
__Lrparam                                rparam       000000
__Lsfr                                   sfr          000000
__Lsmallconst                            smallconst   001000
__Lspace_0                               (abs)        000000
__Lspace_1                               (abs)        000000
__Lspace_2                               (abs)        000000
__Lspace_4                               (abs)        000000
__Lstack                                 stack        000000
__Lstruct                                struct       000000
__Ltemp                                  temp         000000
__Ltext                                  text         000000
__Ltext0                                 text0        000000
__Ltext1                                 text1        000000
__Ltext10                                text10       000000
__Ltext11                                text11       000000
__Ltext12                                text12       000000
__Ltext13                                text13       000000
__Ltext14                                text14       000000
__Ltext15                                text15       000000
__Ltext16                                text16       000000
__Ltext17                                text17       000000
__Ltext18                                text18       000000
__Ltext19                                text19       000000
__Ltext2                                 text2        000000
__Ltext20                                text20       000000
__Ltext21                                text21       000000
__Ltext22                                text22       000000
__Ltext23                                text23       000000
__Ltext24                                text24       000000
__Ltext25                                text25       000000
__Ltext26                                text26       000000
__Ltext27                                text27       000000
__Ltext28                                text28       000000
__Ltext29                                text29       000000
__Ltext3                                 text3        000000
__Ltext30                                text30       000000
__Ltext31                                text31       000000
__Ltext32                                text32       000000
__Ltext33                                text33       000000
__Ltext34                                text34       000000
__Ltext35                                text35       000000
__Ltext36                                text36       000000
__Ltext37                                text37       000000
__Ltext38                                text38       000000
__Ltext39                                text39       000000
__Ltext4                                 text4        000000
__Ltext40                                text40       000000
__Ltext41                                text41       000000
__Ltext42                                text42       000000
__Ltext43                                text43       000000
__Ltext44                                text44       000000
__Ltext45                                text45       000000
__Ltext46                                text46       000000
__Ltext47                                text47       000000
__Ltext48                                text48       000000
__Ltext49                                text49       000000
__Ltext5                                 text5        000000
__Ltext50                                text50       000000
__Ltext51                                text51       000000
__Ltext52                                text52       000000
__Ltext53                                text53       000000
__Ltext54                                text54       000000
__Ltext55                                text55       000000
__Ltext56                                text56       000000
__Ltext57                                text57       000000
__Ltext58                                text58       000000
__Ltext59                                text59       000000
__Ltext6                                 text6        000000
__Ltext60                                text60       000000
__Ltext61                                text61       000000
__Ltext62                                text62       000000
__Ltext63                                text63       000000
__Ltext64                                text64       000000
__Ltext7                                 text7        000000
__Ltext8                                 text8        000000
__Ltext9                                 text9        000000
__S0                                     (abs)        0060B3
__S1                                     (abs)        0002C8
__S4                                     (abs)        000000
__S5                                     (abs)        000000
___aodiv                                 text28       004154
___aodiv@counter                         cstackCOMRAM 000011
___aodiv@dividend                        cstackCOMRAM 000001
___aodiv@divisor                         cstackCOMRAM 000009
___aodiv@quotient                        cstackCOMRAM 000013
___aodiv@sign                            cstackCOMRAM 000012
___aomod                                 text27       004452
___aomod@counter                         cstackCOMRAM 000011
___aomod@dividend                        cstackCOMRAM 000001
___aomod@divisor                         cstackCOMRAM 000009
___aomod@sign                            cstackCOMRAM 000012
___awdiv                                 text19       00532A
___awdiv@counter                         cstackCOMRAM 000005
___awdiv@dividend                        cstackCOMRAM 000001
___awdiv@divisor                         cstackCOMRAM 000003
___awdiv@quotient                        cstackCOMRAM 000007
___awdiv@sign                            cstackCOMRAM 000006
___awmod                                 text18       0054A6
___awmod@counter                         cstackCOMRAM 000005
___awmod@dividend                        cstackCOMRAM 000001
___awmod@divisor                         cstackCOMRAM 000003
___awmod@sign                            cstackCOMRAM 000006
___fladd                                 text49       00227A
___fladd@a                               cstackCOMRAM 00002C
___fladd@aexp                            cstackCOMRAM 000035
___fladd@b                               cstackCOMRAM 000028
___fladd@bexp                            cstackCOMRAM 000036
___fladd@grs                             cstackCOMRAM 000037
___fladd@signs                           cstackCOMRAM 000034
___fldiv                                 text51       002FC4
___fldiv@a                               cstackCOMRAM 000005
___fldiv@aexp                            cstackCOMRAM 000019
___fldiv@b                               cstackCOMRAM 000001
___fldiv@bexp                            cstackCOMRAM 000018
___fldiv@grs                             cstackCOMRAM 000014
___fldiv@new_exp                         cstackCOMRAM 000012
___fldiv@rem                             cstackCOMRAM 00000D
___fldiv@sign                            cstackCOMRAM 000011
___fleq                                  text17       005556
___fleq@ff1                              cstackCOMRAM 000001
___fleq@ff2                              cstackCOMRAM 000005
___flge                                  text16       004DD8
___flge@ff1                              cstackCOMRAM 000028
___flge@ff2                              cstackCOMRAM 00002C
___flmul                                 text50       002B9A
___flmul@a                               cstackCOMRAM 000013
___flmul@aexp                            cstackCOMRAM 000020
___flmul@b                               cstackCOMRAM 00000F
___flmul@bexp                            cstackCOMRAM 000021
___flmul@grs                             cstackCOMRAM 00001C
___flmul@prod                            cstackCOMRAM 000022
___flmul@sign                            cstackCOMRAM 00001B
___flmul@temp                            cstackCOMRAM 000026
___flneg                                 text15       005F5A
___flneg@f1                              cstackCOMRAM 000001
___flsub                                 text48       005D9C
___flsub@a                               cstackCOMRAM 00003C
___flsub@b                               cstackCOMRAM 000038
___fltol                                 text14       004CD2
___fltol@exp1                            cstackCOMRAM 00000A
___fltol@f1                              cstackCOMRAM 000001
___fltol@sign1                           cstackCOMRAM 000009
___fpclassifyf                           text13       004EDC
___fpclassifyf@F465                      bssBANK1     000104
___fpclassifyf@e                         cstackCOMRAM 000009
___fpclassifyf@u                         cstackCOMRAM 00000B
___fpclassifyf@x                         cstackCOMRAM 000001
___heap_hi                               (abs)        000000
___heap_lo                               (abs)        000000
___inthi_sp                              stack        000000
___intlo_sp                              stack        000000
___lodiv                                 text6        004FDA
___lodiv@counter                         cstackCOMRAM 000019
___lodiv@dividend                        cstackCOMRAM 000001
___lodiv@divisor                         cstackCOMRAM 000009
___lodiv@quotient                        cstackCOMRAM 000011
___lomod                                 text5        0050CA
___lomod@counter                         cstackCOMRAM 000011
___lomod@dividend                        cstackCOMRAM 000001
___lomod@divisor                         cstackCOMRAM 000009
___param_bank                            (abs)        000000
___rparam_used                           (abs)        000001
___sp                                    stack        000000
___xxtofl                                text53       003FA0
___xxtofl@arg                            cstackCOMRAM 00000B
___xxtofl@exp                            cstackCOMRAM 00000A
___xxtofl@sign                           cstackCOMRAM 000009
___xxtofl@val                            cstackCOMRAM 000001
__accesstop                              (abs)        000080
__activetblptr                           (abs)        000003
__end_of___aodiv                         text28       0042DC
__end_of___aomod                         text27       0045B6
__end_of___awdiv                         text19       0053EE
__end_of___awmod                         text18       005556
__end_of___fladd                         text49       00273A
__end_of___fldiv                         text51       00335E
__end_of___fleq                          text17       005600
__end_of___flge                          text16       004EDC
__end_of___flmul                         text50       002FC4
__end_of___flneg                         text15       005F92
__end_of___flsub                         text48       005DE2
__end_of___fltol                         text14       004DD8
__end_of___fpclassifyf                   text13       004FDA
__end_of___lodiv                         text6        0050CA
__end_of___lomod                         text5        00519A
__end_of___xxtofl                        text53       004154
__end_of__initialization                 cinit        005C72
__end_of_abs                             text26       005EAA
__end_of_application_intialize           text54       0060B0
__end_of_btn_values                      smallconst   001019
__end_of_check_digit                     text52       005FCA
__end_of_doMath                          text47       004836
__end_of_dtoa                            text20       0039A4
__end_of_ecu_layer_intialize             text55       00607E
__end_of_efgtoa                          text8        001C34
__end_of_evaluatePostfix                 text43       0036C0
__end_of_floorf                          text12       003BB6
__end_of_fputc                           text24       005264
__end_of_fputs                           text23       005E26
__end_of_gpio_pin_direction_intialize    text64       0046FA
__end_of_gpio_pin_intialize              text62       005B56
__end_of_gpio_pin_read_logic             text37       0054A6
__end_of_gpio_pin_write_logic            text63       004962
__end_of_infixToPostfix                  text38       003FA0
__end_of_initialize                      text42       006094
__end_of_initialize_t                    text46       0060AA
__end_of_isupper                         text10       005F5A
__end_of_keypad_get_value                text36       004CD2
__end_of_keypad_initialize               text61       0057C8
__end_of_lcd_4bit_intialize              text57       004A8A
__end_of_lcd_4bit_send_char_data         text35       0059A0
__end_of_lcd_4bit_send_char_data_pos     text33       005D56
__end_of_lcd_4bit_send_command           text58       005A12
__end_of_lcd_4bit_send_string_pos        text32       005748
__end_of_lcd_4bits_send_enable_signal    text60       005EE6
__end_of_lcd_4bits_set_cursor            text34       0056A8
__end_of_lcd_send_4bits                  text59       005BBE
__end_of_led_initialize                  text56       005842
__end_of_led_turn_off                    text31       00592E
__end_of_led_turn_on                     text30       0058B8
__end_of_main                            text0        002B9A
__end_of_memset                          text29       004452
__end_of_pad                             text21       00532A
__end_of_pop                             text41       006058
__end_of_pop_t                           text45       005D9C
__end_of_precedence                      text40       005AEA
__end_of_push                            text39       00602C
__end_of_push_t                          text44       005E6A
__end_of_putch                           text25       0060B2
__end_of_sprintf                         text1        005CCA
__end_of_strcpy                          text11       005C1C
__end_of_strlen                          text22       006000
__end_of_strncmp                         text7        004BB0
__end_of_tolower                         text9        005D10
__end_of_utoa                            text4        003DBA
__end_of_vfpfcnvrt                       text3        00227A
__end_of_vfprintf                        text2        005A7E
__initialization                         cinit        005C1C
__mediumconst                            mediumconst  000000
__pbssBANK0                              bssBANK0     0000EB
__pbssBANK1                              bssBANK1     000100
__pbssBANK2                              bssBANK2     000200
__pcinit                                 cinit        005C1C
__pcstackBANK0                           cstackBANK0  000080
__pcstackCOMRAM                          cstackCOMRAM 000001
__pdataBANK0                             dataBANK0    0000FF
__pdataBANK1                             dataBANK1    000186
__pidataBANK0                            idataBANK0   0060B2
__pidataBANK1                            idataBANK1   005EE6
__psmallconst                            smallconst   001000
__ptext0                                 text0        00273A
__ptext1                                 text1        005C78
__ptext10                                text10       005F22
__ptext11                                text11       005BBE
__ptext12                                text12       0039A4
__ptext13                                text13       004EDC
__ptext14                                text14       004CD2
__ptext15                                text15       005F5A
__ptext16                                text16       004DD8
__ptext17                                text17       005556
__ptext18                                text18       0054A6
__ptext19                                text19       00532A
__ptext2                                 text2        005A12
__ptext20                                text20       0036C0
__ptext21                                text21       005264
__ptext22                                text22       005FCA
__ptext23                                text23       005DE2
__ptext24                                text24       00519A
__ptext25                                text25       0060B0
__ptext26                                text26       005E6A
__ptext27                                text27       004452
__ptext28                                text28       004154
__ptext29                                text29       0042DC
__ptext3                                 text3        001C34
__ptext30                                text30       005842
__ptext31                                text31       0058B8
__ptext32                                text32       0056A8
__ptext33                                text33       005D10
__ptext34                                text34       005600
__ptext35                                text35       00592E
__ptext36                                text36       004BB0
__ptext37                                text37       0053EE
__ptext38                                text38       003DBA
__ptext39                                text39       006000
__ptext4                                 text4        003BB6
__ptext40                                text40       005A7E
__ptext41                                text41       00602C
__ptext42                                text42       00607E
__ptext43                                text43       00335E
__ptext44                                text44       005E26
__ptext45                                text45       005D56
__ptext46                                text46       006094
__ptext47                                text47       0046FA
__ptext48                                text48       005D9C
__ptext49                                text49       00227A
__ptext5                                 text5        0050CA
__ptext50                                text50       002B9A
__ptext51                                text51       002FC4
__ptext52                                text52       005F92
__ptext53                                text53       003FA0
__ptext54                                text54       0060AA
__ptext55                                text55       006058
__ptext56                                text56       0057C8
__ptext57                                text57       004962
__ptext58                                text58       0059A0
__ptext59                                text59       005B56
__ptext6                                 text6        004FDA
__ptext60                                text60       005EAA
__ptext61                                text61       005748
__ptext62                                text62       005AEA
__ptext63                                text63       004836
__ptext64                                text64       0045B6
__ptext7                                 text7        004A8A
__ptext8                                 text8        001044
__ptext9                                 text9        005CCA
__ramtop                                 ramtop       001000
__smallconst                             smallconst   001000
_abs                                     text26       005E6A
_application_intialize                   text54       0060AA
_arr                                     bssBANK1     000177
_btn_values                              smallconst   001001
_check_digit                             text52       005F92
_counter                                 bssBANK0     0000F4
_dbuf                                    bssBANK1     000127
_doMath                                  text47       0046FA
_dtoa                                    text20       0036C0
_dtoa$2514                               cstackCOMRAM 00002E
_ecu_layer_intialize                     text55       006058
_efgtoa                                  text8        001044
_efgtoa$2538                             cstackCOMRAM 00004C
_efgtoa$2545                             cstackCOMRAM 00004E
_efgtoa$2546                             cstackCOMRAM 000050
_equal_flag                              bssBANK0     0000F1
_evaluatePostfix                         text43       00335E
_flag                                    bssBANK0     0000F3
_flags                                   bssBANK0     0000EF
_floorf                                  text12       0039A4
_fputc                                   text24       00519A
_fputs                                   text23       005DE2
_gpio_pin_direction_intialize            text64       0045B6
_gpio_pin_intialize                      text62       005AEA
_gpio_pin_read_logic                     text37       0053EE
_gpio_pin_write_logic                    text63       004836
_infix                                   bssBANK2     000264
_infixToPostfix                          text38       003DBA
_initialize                              text42       00607E
_initialize_t                            text46       006094
_isupper                                 text10       005F22
_keypad_1                                dataBANK1    0001B1
_keypad_get_value                        text36       004BB0
_keypad_initialize                       text61       005748
_lat_registers                           dataBANK1    000190
_lcd_1                                   dataBANK1    0001BB
_lcd_4bit_intialize                      text57       004962
_lcd_4bit_send_char_data                 text35       00592E
_lcd_4bit_send_char_data_pos             text33       005D10
_lcd_4bit_send_command                   text58       0059A0
_lcd_4bit_send_string_pos                text32       0056A8
_lcd_4bits_send_enable_signal            text60       005EAA
_lcd_4bits_set_cursor                    text34       005600
_lcd_send_4bits                          text59       005B56
_led_1                                   bssBANK0     0000FE
_led_initialize                          text56       0057C8
_led_turn_off                            text31       0058B8
_led_turn_on                             text30       005842
_main                                    text0        00273A
_memset                                  text29       0042DC
_nout                                    bssBANK1     00010C
_num_1                                   bssBANK1     000108
_op                                      bssBANK1     00010E
_operators                               dataBANK1    0001A4
_pad                                     text21       005264
_pop                                     text41       00602C
_pop_t                                   text45       005D56
_port_registers                          dataBANK1    000186
_pos                                     dataBANK0    0000FF
_postfix                                 bssBANK2     000200
_prec                                    bssBANK0     0000ED
_precedence                              text40       005A7E
_push                                    text39       006000
_push_t                                  text44       005E26
_putch                                   text25       0060B0
_res_counter                             bssBANK0     0000F2
_result                                  bssBANK1     000182
_sprintf                                 text1        005C78
_strcpy                                  text11       005BBE
_strlen                                  text22       005FCA
_strncmp                                 text7        004A8A
_sup_pos                                 dataBANK1    0001AC
_tolower                                 text9        005CCA
_tris_registers                          dataBANK1    00019A
_utoa                                    text4        003BB6
_val                                     bssBANK0     0000FD
_vfpfcnvrt                               text3        001C34
_vfprintf                                text2        005A12
_width                                   bssBANK0     0000EB
abs@a                                    cstackCOMRAM 000013
check_digit@c                            cstackCOMRAM 000003
doMath@op                                cstackCOMRAM 000048
doMath@op1                               cstackCOMRAM 000040
doMath@op2                               cstackCOMRAM 000044
dtoa@d                                   cstackCOMRAM 00001E
dtoa@fp                                  cstackCOMRAM 00001C
dtoa@i                                   cstackCOMRAM 00003E
dtoa@n                                   cstackCOMRAM 000036
dtoa@p                                   cstackCOMRAM 000030
dtoa@s                                   cstackCOMRAM 000034
dtoa@w                                   cstackCOMRAM 000032
efgtoa@c                                 cstackCOMRAM 000046
efgtoa@d                                 cstackCOMRAM 00005E
efgtoa@e                                 cstackCOMRAM 000076
efgtoa@f                                 cstackCOMRAM 000042
efgtoa@fp                                cstackCOMRAM 000040
efgtoa@g                                 cstackCOMRAM 000072
efgtoa@h                                 cstackCOMRAM 000068
efgtoa@i                                 cstackCOMRAM 000070
efgtoa@l                                 cstackCOMRAM 00006C
efgtoa@m                                 cstackCOMRAM 000058
efgtoa@mode                              cstackCOMRAM 000067
efgtoa@n                                 cstackCOMRAM 000078
efgtoa@ne                                cstackCOMRAM 000056
efgtoa@nmode                             cstackCOMRAM 000066
efgtoa@ou                                cstackCOMRAM 00005A
efgtoa@p                                 cstackCOMRAM 000062
efgtoa@pp                                cstackCOMRAM 000054
efgtoa@sign                              cstackCOMRAM 000060
efgtoa@t                                 cstackCOMRAM 000052
efgtoa@u                                 cstackCOMRAM 00007A
efgtoa@w                                 cstackCOMRAM 000064
end_of_initialization                    cinit        005C72
evaluatePostfix@current                  cstackBANK0  000092
evaluatePostfix@fractionalMultiplier     cstackBANK0  00008A
evaluatePostfix@i                        cstackBANK0  0000E5
evaluatePostfix@isFractional             cstackBANK0  000088
evaluatePostfix@num                      cstackBANK0  00008E
evaluatePostfix@operand1                 cstackBANK0  000084
evaluatePostfix@operand2                 cstackBANK0  000080
evaluatePostfix@operandStack             cstackBANK0  000093
evaluatePostfix@postfix                  cstackCOMRAM 000051
evaluatePostfix@result                   cstackCOMRAM 000053
floorf@F526                              bssBANK1     000100
floorf@e                                 cstackCOMRAM 000028
floorf@m                                 cstackCOMRAM 000024
floorf@u                                 cstackCOMRAM 00002A
floorf@x                                 cstackCOMRAM 00001A
fputc@c                                  cstackCOMRAM 000001
fputc@fp                                 cstackCOMRAM 000003
fputs@c                                  cstackCOMRAM 00000E
fputs@fp                                 cstackCOMRAM 00000C
fputs@i                                  cstackCOMRAM 00000F
fputs@s                                  cstackCOMRAM 00000A
gpio_pin_direction_intialize@_pin_config cstackCOMRAM 000001
gpio_pin_direction_intialize@ret         cstackCOMRAM 000009
gpio_pin_intialize@_pin_config           cstackCOMRAM 00000B
gpio_pin_intialize@ret                   cstackCOMRAM 00000E
gpio_pin_read_logic@_pin_config          cstackCOMRAM 000001
gpio_pin_read_logic@logic                cstackCOMRAM 000003
gpio_pin_read_logic@ret                  cstackCOMRAM 00000A
gpio_pin_write_logic@_pin_config         cstackCOMRAM 000001
gpio_pin_write_logic@logic               cstackCOMRAM 000003
gpio_pin_write_logic@ret                 cstackCOMRAM 00000A
infixToPostfix@current                   cstackCOMRAM 00000D
infixToPostfix@i                         cstackCOMRAM 00000E
infixToPostfix@infix                     cstackCOMRAM 000006
infixToPostfix@j                         cstackCOMRAM 000010
infixToPostfix@operatorStack             cstackCOMRAM 000012
infixToPostfix@postfix                   cstackCOMRAM 000008
initialize@stack                         cstackCOMRAM 000001
initialize_t@stack                       cstackCOMRAM 000001
intlevel0                                text         000000
intlevel1                                text         000000
intlevel2                                text         000000
intlevel3                                text         000000
isa$std                                  (abs)        000001
isa$xinst                                (abs)        000000
isupper@c                                cstackCOMRAM 000001
keypad_get_value@_keypad_obj             cstackCOMRAM 00000B
keypad_get_value@column_logic            cstackCOMRAM 000012
keypad_get_value@l_columns_counter       cstackCOMRAM 000015
keypad_get_value@l_counter               cstackCOMRAM 000013
keypad_get_value@l_row_counter           cstackCOMRAM 000014
keypad_get_value@ret                     cstackCOMRAM 000011
keypad_get_value@value                   cstackCOMRAM 00000D
keypad_initialize@_keypad_obj            cstackCOMRAM 00000F
keypad_initialize@columns_counter        cstackCOMRAM 000015
keypad_initialize@ret                    cstackCOMRAM 000013
keypad_initialize@row_counter            cstackCOMRAM 000014
lcd_4bit_intialize@data_bins_counter     cstackCOMRAM 000017
lcd_4bit_intialize@lcd                   cstackCOMRAM 000013
lcd_4bit_intialize@ret                   cstackCOMRAM 000018
lcd_4bit_send_char_data@data             cstackCOMRAM 000011
lcd_4bit_send_char_data@lcd              cstackCOMRAM 00000F
lcd_4bit_send_char_data@ret              cstackCOMRAM 000012
lcd_4bit_send_char_data_pos@column       cstackCOMRAM 00001D
lcd_4bit_send_char_data_pos@data         cstackCOMRAM 00001E
lcd_4bit_send_char_data_pos@lcd          cstackCOMRAM 00001A
lcd_4bit_send_char_data_pos@ret          cstackCOMRAM 00001F
lcd_4bit_send_char_data_pos@row          cstackCOMRAM 00001C
lcd_4bit_send_command@command            cstackCOMRAM 000011
lcd_4bit_send_command@lcd                cstackCOMRAM 00000F
lcd_4bit_send_command@ret                cstackCOMRAM 000012
lcd_4bit_send_string_pos@column          cstackCOMRAM 00001D
lcd_4bit_send_string_pos@lcd             cstackCOMRAM 00001A
lcd_4bit_send_string_pos@ret             cstackCOMRAM 000020
lcd_4bit_send_string_pos@row             cstackCOMRAM 00001C
lcd_4bit_send_string_pos@str             cstackCOMRAM 00001E
lcd_4bits_send_enable_signal@lcd         cstackCOMRAM 00000B
lcd_4bits_send_enable_signal@ret         cstackCOMRAM 00000E
lcd_4bits_set_cursor@column              cstackCOMRAM 000016
lcd_4bits_set_cursor@lcd                 cstackCOMRAM 000013
lcd_4bits_set_cursor@ret                 cstackCOMRAM 000019
lcd_4bits_set_cursor@row                 cstackCOMRAM 000015
lcd_send_4bits@_data_command             cstackCOMRAM 00000D
lcd_send_4bits@lcd                       cstackCOMRAM 00000B
lcd_send_4bits@ret                       cstackCOMRAM 00000E
led_initialize@F3045                     bssBANK0     0000FB
led_initialize@led                       cstackCOMRAM 00000F
led_initialize@pin_obj                   cstackCOMRAM 000013
led_initialize@ret                       cstackCOMRAM 000012
led_turn_off@F3055                       bssBANK0     0000F9
led_turn_off@led                         cstackCOMRAM 00000B
led_turn_off@pin_obj                     cstackCOMRAM 00000E
led_turn_on@F3050                        bssBANK0     0000FA
led_turn_on@led                          cstackCOMRAM 00000B
led_turn_on@pin_obj                      cstackCOMRAM 00000E
led_turn_toggle@F3060                    bssBANK0     0000F8
main@i                                   cstackBANK0  0000E9
memset@c                                 cstackCOMRAM 000003
memset@dest                              cstackCOMRAM 000001
memset@k                                 cstackCOMRAM 000009
memset@n                                 cstackCOMRAM 000005
memset@s                                 cstackCOMRAM 00000B
pad@buf                                  cstackCOMRAM 000013
pad@fp                                   cstackCOMRAM 000011
pad@i                                    cstackCOMRAM 000018
pad@p                                    cstackCOMRAM 000015
pad@w                                    cstackCOMRAM 00001A
pop@stack                                cstackCOMRAM 000001
pop_t@stack                              cstackCOMRAM 000001
precedence@op                            cstackCOMRAM 000003
push@c                                   cstackCOMRAM 000003
push@stack                               cstackCOMRAM 000001
push_t@c                                 cstackCOMRAM 00004B
push_t@stack                             cstackCOMRAM 000049
relay_initialize@F3039                   bssBANK0     0000F7
relay_turn_off@F3049                     bssBANK0     0000F5
relay_turn_on@F3044                      bssBANK0     0000F6
sprintf@ap                               cstackBANK0  0000BA
sprintf@f                                cstackBANK0  0000BC
sprintf@fmt                              cstackBANK0  0000B4
sprintf@s                                cstackBANK0  0000B2
stackhi                                  (abs)        000000
stacklo                                  (abs)        000000
start                                    init         000000
start_initialization                     cinit        005C1C
strcpy@d                                 cstackCOMRAM 000009
strcpy@dest                              cstackCOMRAM 000001
strcpy@s                                 cstackCOMRAM 000007
strcpy@src                               cstackCOMRAM 000003
strlen@a                                 cstackCOMRAM 000003
strlen@s                                 cstackCOMRAM 000001
strncmp@_l                               cstackCOMRAM 000001
strncmp@_r                               cstackCOMRAM 000003
strncmp@l                                cstackCOMRAM 000008
strncmp@n                                cstackCOMRAM 000005
strncmp@r                                cstackCOMRAM 00000A
tolower@c                                cstackCOMRAM 000007
utoa@d                                   cstackCOMRAM 00001E
utoa@fp                                  cstackCOMRAM 00001C
utoa@i                                   cstackCOMRAM 00003A
utoa@n                                   cstackCOMRAM 000032
utoa@p                                   cstackCOMRAM 00002E
utoa@w                                   cstackCOMRAM 000030
vfpfcnvrt@ap                             cstackBANK0  000084
vfpfcnvrt@c                              cstackBANK0  0000AB
vfpfcnvrt@ct                             cstackBANK0  0000A8
vfpfcnvrt@f                              cstackBANK0  0000A4
vfpfcnvrt@fmt                            cstackBANK0  000082
vfpfcnvrt@fp                             cstackBANK0  000080
vfpfcnvrt@ll                             cstackBANK0  000094
vfpfcnvrt@llu                            cstackBANK0  00009C
vfprintf@ap                              cstackBANK0  0000B0
vfprintf@cfmt                            cstackCOMRAM 00007E
vfprintf@fmt                             cstackBANK0  0000AE
vfprintf@fp                              cstackBANK0  0000AC


MODULE INFORMATION

Module		Function		Class		Link	Load	Size
C:\Program Files\Microchip\xc8\v2.36\pic\sources\c99\common\putch.c
		_putch         		CODE           	60B0	0000	2

C:\Program Files\Microchip\xc8\v2.36\pic\sources\c99\common\putch.c estimated size: 2

Algorithms/Infix_to_postfix/infix_to_post.c
		_evaluatePostfix		CODE           	335E	0000	866
		_check_digit   		CODE           	5F92	0000	56
		_infixToPostfix		CODE           	3DBA	0000	486
		_pop           		CODE           	602C	0000	44
		_pop_t         		CODE           	5D56	0000	70
		_push          		CODE           	6000	0000	44
		_initialize    		CODE           	607E	0000	22
		_precedence    		CODE           	5A7E	0000	108
		_initialize_t  		CODE           	6094	0000	22
		_doMath        		CODE           	46FA	0000	316
		_push_t        		CODE           	5E26	0000	68

Algorithms/Infix_to_postfix/infix_to_post.c estimated size: 2102

C:\Program Files\Microchip\xc8\v2.36\pic\sources\c99\common\lomod.c
		___lomod       		CODE           	50CA	0000	208

C:\Program Files\Microchip\xc8\v2.36\pic\sources\c99\common\lomod.c estimated size: 208

ECU_layer/KeyPad/ecu_keypad.c
		_keypad_get_value		CODE           	4BB0	0000	290
		_keypad_initialize		CODE           	5748	0000	128

ECU_layer/KeyPad/ecu_keypad.c estimated size: 418

C:\Program Files\Microchip\xc8\v2.36\pic\sources\c99\common\nf_fputs.c
		_fputs         		CODE           	5DE2	0000	68

C:\Program Files\Microchip\xc8\v2.36\pic\sources\c99\common\nf_fputs.c estimated size: 68

C:\Program Files\Microchip\xc8\v2.36\pic\sources\c99\common\aomod.c
		___aomod       		CODE           	4452	0000	356

C:\Program Files\Microchip\xc8\v2.36\pic\sources\c99\common\aomod.c estimated size: 356

MCAL_layer/GPIO/hal_gpio.c
		_gpio_pin_write_logic		CODE           	4836	0000	300
		_gpio_pin_intialize		CODE           	5AEA	0000	108
		_gpio_pin_read_logic		CODE           	53EE	0000	184
		_gpio_pin_direction_intialize		CODE           	45B6	0000	324

MCAL_layer/GPIO/hal_gpio.c estimated size: 916

C:\Program Files\Microchip\xc8\v2.36\pic\sources\c99\common\strncmp.c
		_strncmp       		CODE           	4A8A	0000	294

C:\Program Files\Microchip\xc8\v2.36\pic\sources\c99\common\strncmp.c estimated size: 294

C:\Program Files\Microchip\xc8\v2.36\pic\sources\c99\common\tolower.c
		_tolower       		CODE           	5CCA	0000	70

C:\Program Files\Microchip\xc8\v2.36\pic\sources\c99\common\tolower.c estimated size: 70

C:\Program Files\Microchip\xc8\v2.36\pic\sources\c99\common\__fpclassifyf.c
		___fpclassifyf 		CODE           	4EDC	0000	254

C:\Program Files\Microchip\xc8\v2.36\pic\sources\c99\common\__fpclassifyf.c estimated size: 254

C:\Program Files\Microchip\xc8\v2.36\pic\sources\c99\common\sprcmul.c
		___flmul       		CODE           	2B9A	0000	1066

C:\Program Files\Microchip\xc8\v2.36\pic\sources\c99\common\sprcmul.c estimated size: 1066

C:\Program Files\Microchip\xc8\v2.36\pic\sources\c99\common\floorf.c
		_floorf        		CODE           	39A4	0000	530

C:\Program Files\Microchip\xc8\v2.36\pic\sources\c99\common\floorf.c estimated size: 530

C:\Program Files\Microchip\xc8\v2.36\pic\sources\c99\common\sprcdiv.c
		___fldiv       		CODE           	2FC4	0000	922

C:\Program Files\Microchip\xc8\v2.36\pic\sources\c99\common\sprcdiv.c estimated size: 922

C:\Program Files\Microchip\xc8\v2.36\pic\sources\c99\common\fleq.c
		___fleq        		CODE           	5556	0000	170

C:\Program Files\Microchip\xc8\v2.36\pic\sources\c99\common\fleq.c estimated size: 170

C:\Program Files\Microchip\xc8\v2.36\pic\sources\c99\common\awmod.c
		___awmod       		CODE           	54A6	0000	176

C:\Program Files\Microchip\xc8\v2.36\pic\sources\c99\common\awmod.c estimated size: 176

C:\Program Files\Microchip\xc8\v2.36\pic\sources\c99\common\nf_sprintf.c
		_sprintf       		CODE           	5C78	0000	82

C:\Program Files\Microchip\xc8\v2.36\pic\sources\c99\common\nf_sprintf.c estimated size: 82

ECU_layer/ecu_layer_init.c
		_ecu_layer_intialize		CODE           	6058	0000	38

ECU_layer/ecu_layer_init.c estimated size: 38

C:\Program Files\Microchip\xc8\v2.36\pic\sources\c99\common\xxtofl.c
		___xxtofl      		CODE           	3FA0	0000	436

C:\Program Files\Microchip\xc8\v2.36\pic\sources\c99\common\xxtofl.c estimated size: 436

C:\Program Files\Microchip\xc8\v2.36\pic\sources\c99\common\strlen.c
		_strlen        		CODE           	5FCA	0000	54

C:\Program Files\Microchip\xc8\v2.36\pic\sources\c99\common\strlen.c estimated size: 54

C:\Program Files\Microchip\xc8\v2.36\pic\sources\c99\common\lodiv.c
		___lodiv       		CODE           	4FDA	0000	240

C:\Program Files\Microchip\xc8\v2.36\pic\sources\c99\common\lodiv.c estimated size: 240

C:\Program Files\Microchip\xc8\v2.36\pic\sources\c99\common\strcpy.c
		_strcpy        		CODE           	5BBE	0000	94

C:\Program Files\Microchip\xc8\v2.36\pic\sources\c99\common\strcpy.c estimated size: 94

Application.c
		_main          		CODE           	273A	0000	1120
		_application_intialize		CODE           	60AA	0000	6

Application.c estimated size: 1126

C:\Program Files\Microchip\xc8\v2.36\pic\sources\c99\common\aodiv.c
		___aodiv       		CODE           	4154	0000	392

C:\Program Files\Microchip\xc8\v2.36\pic\sources\c99\common\aodiv.c estimated size: 392

C:\Program Files\Microchip\xc8\v2.36\pic\sources\c99\common\memset.c
		_memset        		CODE           	42DC	0000	374

C:\Program Files\Microchip\xc8\v2.36\pic\sources\c99\common\memset.c estimated size: 374

ECU_layer/Chr_LCD/ecu_chr_lcd.c
		_lcd_4bits_set_cursor		CODE           	5600	0000	168
		_lcd_4bit_send_command		CODE           	59A0	0000	114
		_lcd_4bit_send_string_pos		CODE           	56A8	0000	160
		_lcd_4bit_send_char_data		CODE           	592E	0000	114
		_lcd_send_4bits		CODE           	5B56	0000	104
		_lcd_4bit_intialize		CODE           	4962	0000	296
		_lcd_4bit_send_char_data_pos		CODE           	5D10	0000	70
		_lcd_4bits_send_enable_signal		CODE           	5EAA	0000	60

ECU_layer/Chr_LCD/ecu_chr_lcd.c estimated size: 1086

C:\Program Files\Microchip\xc8\v2.36\pic\sources\c99\common\nf_fputc.c
		_fputc         		CODE           	519A	0000	202

C:\Program Files\Microchip\xc8\v2.36\pic\sources\c99\common\nf_fputc.c estimated size: 202

C:\Program Files\Microchip\xc8\v2.36\pic\sources\c99\common\sprcadd.c
		___flsub       		CODE           	5D9C	0000	70
		___fladd       		CODE           	227A	0000	1216

C:\Program Files\Microchip\xc8\v2.36\pic\sources\c99\common\sprcadd.c estimated size: 1286

C:\Program Files\Microchip\xc8\v2.36\pic\sources\c99\common\awdiv.c
		___awdiv       		CODE           	532A	0000	196

C:\Program Files\Microchip\xc8\v2.36\pic\sources\c99\common\awdiv.c estimated size: 196

C:\Program Files\Microchip\xc8\v2.36\pic\sources\c99\common\doprnt.c
		_vfpfcnvrt     		CODE           	1C34	0000	1606
		_efgtoa        		CODE           	1044	0000	3056
		_pad           		CODE           	5264	0000	198
		_dtoa          		CODE           	36C0	0000	740
		_vfprintf      		CODE           	5A12	0000	108
		_utoa          		CODE           	3BB6	0000	516

C:\Program Files\Microchip\xc8\v2.36\pic\sources\c99\common\doprnt.c estimated size: 6224

C:\Program Files\Microchip\xc8\v2.36\pic\sources\c99\common\fltol.c
		___fltol       		CODE           	4CD2	0000	262

C:\Program Files\Microchip\xc8\v2.36\pic\sources\c99\common\fltol.c estimated size: 262

shared
		_btn_values    		SMALLCONST     	1001	0000	24
		__initialization		CODE           	5C1C	0000	86

shared estimated size: 110

ECU_layer/LED/ecu_led.c
		_led_initialize		CODE           	57C8	0000	122
		_led_turn_on   		CODE           	5842	0000	118
		_led_turn_off  		CODE           	58B8	0000	118

ECU_layer/LED/ecu_led.c estimated size: 358

C:\Program Files\Microchip\xc8\v2.36\pic\sources\c99\common\abs.c
		_abs           		CODE           	5E6A	0000	64

C:\Program Files\Microchip\xc8\v2.36\pic\sources\c99\common\abs.c estimated size: 64

C:\Program Files\Microchip\xc8\v2.36\pic\sources\c99\common\flge.c
		___flge        		CODE           	4DD8	0000	260

C:\Program Files\Microchip\xc8\v2.36\pic\sources\c99\common\flge.c estimated size: 260

C:\Program Files\Microchip\xc8\v2.36\pic\sources\c99\common\flneg.c
		___flneg       		CODE           	5F5A	0000	56

C:\Program Files\Microchip\xc8\v2.36\pic\sources\c99\common\flneg.c estimated size: 56

C:\Program Files\Microchip\xc8\v2.36\pic\sources\c99\common\isupper.c
		_isupper       		CODE           	5F22	0000	56

C:\Program Files\Microchip\xc8\v2.36\pic\sources\c99\common\isupper.c estimated size: 56

